   1              	        .file           "."
   2              	        .section        ".text"
   3              	        .align 4
   4              	        .psize          0,200
   5              	        .global main
   6              	        .type   main, #function
   7              	main:
   8 ???? 01000000 	        nop
   9 ???? 81A80A40 		 fcmpd %f0, %f0
  10 ???? 00000000 		 fcmpd %f0, %f1
****  Error:Illegal operands
  11 ???? 81A80A42 		 fcmpd %f0, %f2
  12 ???? 00000000 		 fcmpd %f0, %f3
****  Error:Illegal operands
  13 ???? 81A80A44 		 fcmpd %f0, %f4
  14 ???? 00000000 		 fcmpd %f0, %f5
****  Error:Illegal operands
  15 ???? 81A80A46 		 fcmpd %f0, %f6
  16 ???? 00000000 		 fcmpd %f0, %f7
****  Error:Illegal operands
  17 ???? 81A80A48 		 fcmpd %f0, %f8
  18 ???? 00000000 		 fcmpd %f0, %f9
****  Error:Illegal operands
  19 ???? 81A80A4A 		 fcmpd %f0, %f10
  20 ???? 00000000 		 fcmpd %f0, %f11
****  Error:Illegal operands
  21 ???? 81A80A4C 		 fcmpd %f0, %f12
  22 ???? 00000000 		 fcmpd %f0, %f13
****  Error:Illegal operands
  23 ???? 81A80A4E 		 fcmpd %f0, %f14
  24 ???? 00000000 		 fcmpd %f0, %f15
****  Error:Illegal operands
  25 ???? 81A80A50 		 fcmpd %f0, %f16
  26 ???? 00000000 		 fcmpd %f0, %f17
****  Error:Illegal operands
  27 ???? 81A80A52 		 fcmpd %f0, %f18
  28 ???? 00000000 		 fcmpd %f0, %f19
****  Error:Illegal operands
  29 ???? 81A80A54 		 fcmpd %f0, %f20
  30 ???? 00000000 		 fcmpd %f0, %f21
****  Error:Illegal operands
  31 ???? 81A80A56 		 fcmpd %f0, %f22
  32 ???? 00000000 		 fcmpd %f0, %f23
****  Error:Illegal operands
  33 ???? 81A80A58 		 fcmpd %f0, %f24
  34 ???? 00000000 		 fcmpd %f0, %f25
****  Error:Illegal operands
  35 ???? 81A80A5A 		 fcmpd %f0, %f26
  36 ???? 00000000 		 fcmpd %f0, %f27
****  Error:Illegal operands
  37 ???? 81A80A5C 		 fcmpd %f0, %f28
  38 ???? 00000000 		 fcmpd %f0, %f29
****  Error:Illegal operands
  39 ???? 81A80A5E 		 fcmpd %f0, %f30
  40 ???? 00000000 		 fcmpd %f0, %f31
****  Error:Illegal operands
  41 ???? 00000000 		 fcmpd %f1, %f0
****  Error:Illegal operands
  42 ???? 00000000 		 fcmpd %f1, %f1
****  Error:Illegal operands
  43 ???? 00000000 		 fcmpd %f1, %f2
****  Error:Illegal operands
  44 ???? 00000000 		 fcmpd %f1, %f3
****  Error:Illegal operands
  45 ???? 00000000 		 fcmpd %f1, %f4
****  Error:Illegal operands
  46 ???? 00000000 		 fcmpd %f1, %f5
****  Error:Illegal operands
  47 ???? 00000000 		 fcmpd %f1, %f6
****  Error:Illegal operands
  48 ???? 00000000 		 fcmpd %f1, %f7
****  Error:Illegal operands
  49 ???? 00000000 		 fcmpd %f1, %f8
****  Error:Illegal operands
  50 ???? 00000000 		 fcmpd %f1, %f9
****  Error:Illegal operands
  51 ???? 00000000 		 fcmpd %f1, %f10
****  Error:Illegal operands
  52 ???? 00000000 		 fcmpd %f1, %f11
****  Error:Illegal operands
  53 ???? 00000000 		 fcmpd %f1, %f12
****  Error:Illegal operands
  54 ???? 00000000 		 fcmpd %f1, %f13
****  Error:Illegal operands
  55 ???? 00000000 		 fcmpd %f1, %f14
****  Error:Illegal operands
  56 ???? 00000000 		 fcmpd %f1, %f15
****  Error:Illegal operands
  57 ???? 00000000 		 fcmpd %f1, %f16
****  Error:Illegal operands
  58 ???? 00000000 		 fcmpd %f1, %f17
****  Error:Illegal operands
  59 ???? 00000000 		 fcmpd %f1, %f18
****  Error:Illegal operands
  60 ???? 00000000 		 fcmpd %f1, %f19
****  Error:Illegal operands
  61 ???? 00000000 		 fcmpd %f1, %f20
****  Error:Illegal operands
  62 ???? 00000000 		 fcmpd %f1, %f21
****  Error:Illegal operands
  63 ???? 00000000 		 fcmpd %f1, %f22
****  Error:Illegal operands
  64 ???? 00000000 		 fcmpd %f1, %f23
****  Error:Illegal operands
  65 ???? 00000000 		 fcmpd %f1, %f24
****  Error:Illegal operands
  66 ???? 00000000 		 fcmpd %f1, %f25
****  Error:Illegal operands
  67 ???? 00000000 		 fcmpd %f1, %f26
****  Error:Illegal operands
  68 ???? 00000000 		 fcmpd %f1, %f27
****  Error:Illegal operands
  69 ???? 00000000 		 fcmpd %f1, %f28
****  Error:Illegal operands
  70 ???? 00000000 		 fcmpd %f1, %f29
****  Error:Illegal operands
  71 ???? 00000000 		 fcmpd %f1, %f30
****  Error:Illegal operands
  72 ???? 00000000 		 fcmpd %f1, %f31
****  Error:Illegal operands
  73 ???? 81A88A40 		 fcmpd %f2, %f0
  74 ???? 00000000 		 fcmpd %f2, %f1
****  Error:Illegal operands
  75 ???? 81A88A42 		 fcmpd %f2, %f2
  76 ???? 00000000 		 fcmpd %f2, %f3
****  Error:Illegal operands
  77 ???? 81A88A44 		 fcmpd %f2, %f4
  78 ???? 00000000 		 fcmpd %f2, %f5
****  Error:Illegal operands
  79 ???? 81A88A46 		 fcmpd %f2, %f6
  80 ???? 00000000 		 fcmpd %f2, %f7
****  Error:Illegal operands
  81 ???? 81A88A48 		 fcmpd %f2, %f8
  82 ???? 00000000 		 fcmpd %f2, %f9
****  Error:Illegal operands
  83 ???? 81A88A4A 		 fcmpd %f2, %f10
  84 ???? 00000000 		 fcmpd %f2, %f11
****  Error:Illegal operands
  85 ???? 81A88A4C 		 fcmpd %f2, %f12
  86 ???? 00000000 		 fcmpd %f2, %f13
****  Error:Illegal operands
  87 ???? 81A88A4E 		 fcmpd %f2, %f14
  88 ???? 00000000 		 fcmpd %f2, %f15
****  Error:Illegal operands
  89 ???? 81A88A50 		 fcmpd %f2, %f16
  90 ???? 00000000 		 fcmpd %f2, %f17
****  Error:Illegal operands
  91 ???? 81A88A52 		 fcmpd %f2, %f18
  92 ???? 00000000 		 fcmpd %f2, %f19
****  Error:Illegal operands
  93 ???? 81A88A54 		 fcmpd %f2, %f20
  94 ???? 00000000 		 fcmpd %f2, %f21
****  Error:Illegal operands
  95 ???? 81A88A56 		 fcmpd %f2, %f22
  96 ???? 00000000 		 fcmpd %f2, %f23
****  Error:Illegal operands
  97 ???? 81A88A58 		 fcmpd %f2, %f24
  98 ???? 00000000 		 fcmpd %f2, %f25
****  Error:Illegal operands
  99 ???? 81A88A5A 		 fcmpd %f2, %f26
 100 ???? 00000000 		 fcmpd %f2, %f27
****  Error:Illegal operands
 101 ???? 81A88A5C 		 fcmpd %f2, %f28
 102 ???? 00000000 		 fcmpd %f2, %f29
****  Error:Illegal operands
 103 ???? 81A88A5E 		 fcmpd %f2, %f30
 104 ???? 00000000 		 fcmpd %f2, %f31
****  Error:Illegal operands
 105 ???? 00000000 		 fcmpd %f3, %f0
****  Error:Illegal operands
 106 ???? 00000000 		 fcmpd %f3, %f1
****  Error:Illegal operands
 107 ???? 00000000 		 fcmpd %f3, %f2
****  Error:Illegal operands
 108 ???? 00000000 		 fcmpd %f3, %f3
****  Error:Illegal operands
 109 ???? 00000000 		 fcmpd %f3, %f4
****  Error:Illegal operands
 110 ???? 00000000 		 fcmpd %f3, %f5
****  Error:Illegal operands
 111 ???? 00000000 		 fcmpd %f3, %f6
****  Error:Illegal operands
 112 ???? 00000000 		 fcmpd %f3, %f7
****  Error:Illegal operands
 113 ???? 00000000 		 fcmpd %f3, %f8
****  Error:Illegal operands
 114 ???? 00000000 		 fcmpd %f3, %f9
****  Error:Illegal operands
 115 ???? 00000000 		 fcmpd %f3, %f10
****  Error:Illegal operands
 116 ???? 00000000 		 fcmpd %f3, %f11
****  Error:Illegal operands
 117 ???? 00000000 		 fcmpd %f3, %f12
****  Error:Illegal operands
 118 ???? 00000000 		 fcmpd %f3, %f13
****  Error:Illegal operands
 119 ???? 00000000 		 fcmpd %f3, %f14
****  Error:Illegal operands
 120 ???? 00000000 		 fcmpd %f3, %f15
****  Error:Illegal operands
 121 ???? 00000000 		 fcmpd %f3, %f16
****  Error:Illegal operands
 122 ???? 00000000 		 fcmpd %f3, %f17
****  Error:Illegal operands
 123 ???? 00000000 		 fcmpd %f3, %f18
****  Error:Illegal operands
 124 ???? 00000000 		 fcmpd %f3, %f19
****  Error:Illegal operands
 125 ???? 00000000 		 fcmpd %f3, %f20
****  Error:Illegal operands
 126 ???? 00000000 		 fcmpd %f3, %f21
****  Error:Illegal operands
 127 ???? 00000000 		 fcmpd %f3, %f22
****  Error:Illegal operands
 128 ???? 00000000 		 fcmpd %f3, %f23
****  Error:Illegal operands
 129 ???? 00000000 		 fcmpd %f3, %f24
****  Error:Illegal operands
 130 ???? 00000000 		 fcmpd %f3, %f25
****  Error:Illegal operands
 131 ???? 00000000 		 fcmpd %f3, %f26
****  Error:Illegal operands
 132 ???? 00000000 		 fcmpd %f3, %f27
****  Error:Illegal operands
 133 ???? 00000000 		 fcmpd %f3, %f28
****  Error:Illegal operands
 134 ???? 00000000 		 fcmpd %f3, %f29
****  Error:Illegal operands
 135 ???? 00000000 		 fcmpd %f3, %f30
****  Error:Illegal operands
 136 ???? 00000000 		 fcmpd %f3, %f31
****  Error:Illegal operands
 137 ???? 81A90A40 		 fcmpd %f4, %f0
 138 ???? 00000000 		 fcmpd %f4, %f1
****  Error:Illegal operands
 139 ???? 81A90A42 		 fcmpd %f4, %f2
 140 ???? 00000000 		 fcmpd %f4, %f3
****  Error:Illegal operands
 141 ???? 81A90A44 		 fcmpd %f4, %f4
 142 ???? 00000000 		 fcmpd %f4, %f5
****  Error:Illegal operands
 143 ???? 81A90A46 		 fcmpd %f4, %f6
 144 ???? 00000000 		 fcmpd %f4, %f7
****  Error:Illegal operands
 145 ???? 81A90A48 		 fcmpd %f4, %f8
 146 ???? 00000000 		 fcmpd %f4, %f9
****  Error:Illegal operands
 147 ???? 81A90A4A 		 fcmpd %f4, %f10
 148 ???? 00000000 		 fcmpd %f4, %f11
****  Error:Illegal operands
 149 ???? 81A90A4C 		 fcmpd %f4, %f12
 150 ???? 00000000 		 fcmpd %f4, %f13
****  Error:Illegal operands
 151 ???? 81A90A4E 		 fcmpd %f4, %f14
 152 ???? 00000000 		 fcmpd %f4, %f15
****  Error:Illegal operands
 153 ???? 81A90A50 		 fcmpd %f4, %f16
 154 ???? 00000000 		 fcmpd %f4, %f17
****  Error:Illegal operands
 155 ???? 81A90A52 		 fcmpd %f4, %f18
 156 ???? 00000000 		 fcmpd %f4, %f19
****  Error:Illegal operands
 157 ???? 81A90A54 		 fcmpd %f4, %f20
 158 ???? 00000000 		 fcmpd %f4, %f21
****  Error:Illegal operands
 159 ???? 81A90A56 		 fcmpd %f4, %f22
 160 ???? 00000000 		 fcmpd %f4, %f23
****  Error:Illegal operands
 161 ???? 81A90A58 		 fcmpd %f4, %f24
 162 ???? 00000000 		 fcmpd %f4, %f25
****  Error:Illegal operands
 163 ???? 81A90A5A 		 fcmpd %f4, %f26
 164 ???? 00000000 		 fcmpd %f4, %f27
****  Error:Illegal operands
 165 ???? 81A90A5C 		 fcmpd %f4, %f28
 166 ???? 00000000 		 fcmpd %f4, %f29
****  Error:Illegal operands
 167 ???? 81A90A5E 		 fcmpd %f4, %f30
 168 ???? 00000000 		 fcmpd %f4, %f31
****  Error:Illegal operands
 169 ???? 00000000 		 fcmpd %f5, %f0
****  Error:Illegal operands
 170 ???? 00000000 		 fcmpd %f5, %f1
****  Error:Illegal operands
 171 ???? 00000000 		 fcmpd %f5, %f2
****  Error:Illegal operands
 172 ???? 00000000 		 fcmpd %f5, %f3
****  Error:Illegal operands
 173 ???? 00000000 		 fcmpd %f5, %f4
****  Error:Illegal operands
 174 ???? 00000000 		 fcmpd %f5, %f5
****  Error:Illegal operands
 175 ???? 00000000 		 fcmpd %f5, %f6
****  Error:Illegal operands
 176 ???? 00000000 		 fcmpd %f5, %f7
****  Error:Illegal operands
 177 ???? 00000000 		 fcmpd %f5, %f8
****  Error:Illegal operands
 178 ???? 00000000 		 fcmpd %f5, %f9
****  Error:Illegal operands
 179 ???? 00000000 		 fcmpd %f5, %f10
****  Error:Illegal operands
 180 ???? 00000000 		 fcmpd %f5, %f11
****  Error:Illegal operands
 181 ???? 00000000 		 fcmpd %f5, %f12
****  Error:Illegal operands
 182 ???? 00000000 		 fcmpd %f5, %f13
****  Error:Illegal operands
 183 ???? 00000000 		 fcmpd %f5, %f14
****  Error:Illegal operands
 184 ???? 00000000 		 fcmpd %f5, %f15
****  Error:Illegal operands
 185 ???? 00000000 		 fcmpd %f5, %f16
****  Error:Illegal operands
 186 ???? 00000000 		 fcmpd %f5, %f17
****  Error:Illegal operands
 187 ???? 00000000 		 fcmpd %f5, %f18
****  Error:Illegal operands
 188 ???? 00000000 		 fcmpd %f5, %f19
****  Error:Illegal operands
 189 ???? 00000000 		 fcmpd %f5, %f20
****  Error:Illegal operands
 190 ???? 00000000 		 fcmpd %f5, %f21
****  Error:Illegal operands
 191 ???? 00000000 		 fcmpd %f5, %f22
****  Error:Illegal operands
 192 ???? 00000000 		 fcmpd %f5, %f23
****  Error:Illegal operands
 193 ???? 00000000 		 fcmpd %f5, %f24
****  Error:Illegal operands
 194 ???? 00000000 		 fcmpd %f5, %f25
****  Error:Illegal operands
 195 ???? 00000000 		 fcmpd %f5, %f26
****  Error:Illegal operands
 196 ???? 00000000 		 fcmpd %f5, %f27
****  Error:Illegal operands
 197 ???? 00000000 		 fcmpd %f5, %f28
****  Error:Illegal operands
 198 ???? 00000000 		 fcmpd %f5, %f29
****  Error:Illegal operands
 199 ???? 00000000 		 fcmpd %f5, %f30
****  Error:Illegal operands
 200 ???? 00000000 		 fcmpd %f5, %f31
****  Error:Illegal operands
 201 ???? 81A98A40 		 fcmpd %f6, %f0
 202 ???? 00000000 		 fcmpd %f6, %f1
****  Error:Illegal operands
 203 ???? 81A98A42 		 fcmpd %f6, %f2
 204 ???? 00000000 		 fcmpd %f6, %f3
****  Error:Illegal operands
 205 ???? 81A98A44 		 fcmpd %f6, %f4
 206 ???? 00000000 		 fcmpd %f6, %f5
****  Error:Illegal operands
 207 ???? 81A98A46 		 fcmpd %f6, %f6
 208 ???? 00000000 		 fcmpd %f6, %f7
****  Error:Illegal operands
 209 ???? 81A98A48 		 fcmpd %f6, %f8
 210 ???? 00000000 		 fcmpd %f6, %f9
****  Error:Illegal operands
 211 ???? 81A98A4A 		 fcmpd %f6, %f10
 212 ???? 00000000 		 fcmpd %f6, %f11
****  Error:Illegal operands
 213 ???? 81A98A4C 		 fcmpd %f6, %f12
 214 ???? 00000000 		 fcmpd %f6, %f13
****  Error:Illegal operands
 215 ???? 81A98A4E 		 fcmpd %f6, %f14
 216 ???? 00000000 		 fcmpd %f6, %f15
****  Error:Illegal operands
 217 ???? 81A98A50 		 fcmpd %f6, %f16
 218 ???? 00000000 		 fcmpd %f6, %f17
****  Error:Illegal operands
 219 ???? 81A98A52 		 fcmpd %f6, %f18
 220 ???? 00000000 		 fcmpd %f6, %f19
****  Error:Illegal operands
 221 ???? 81A98A54 		 fcmpd %f6, %f20
 222 ???? 00000000 		 fcmpd %f6, %f21
****  Error:Illegal operands
 223 ???? 81A98A56 		 fcmpd %f6, %f22
 224 ???? 00000000 		 fcmpd %f6, %f23
****  Error:Illegal operands
 225 ???? 81A98A58 		 fcmpd %f6, %f24
 226 ???? 00000000 		 fcmpd %f6, %f25
****  Error:Illegal operands
 227 ???? 81A98A5A 		 fcmpd %f6, %f26
 228 ???? 00000000 		 fcmpd %f6, %f27
****  Error:Illegal operands
 229 ???? 81A98A5C 		 fcmpd %f6, %f28
 230 ???? 00000000 		 fcmpd %f6, %f29
****  Error:Illegal operands
 231 ???? 81A98A5E 		 fcmpd %f6, %f30
 232 ???? 00000000 		 fcmpd %f6, %f31
****  Error:Illegal operands
 233 ???? 00000000 		 fcmpd %f7, %f0
****  Error:Illegal operands
 234 ???? 00000000 		 fcmpd %f7, %f1
****  Error:Illegal operands
 235 ???? 00000000 		 fcmpd %f7, %f2
****  Error:Illegal operands
 236 ???? 00000000 		 fcmpd %f7, %f3
****  Error:Illegal operands
 237 ???? 00000000 		 fcmpd %f7, %f4
****  Error:Illegal operands
 238 ???? 00000000 		 fcmpd %f7, %f5
****  Error:Illegal operands
 239 ???? 00000000 		 fcmpd %f7, %f6
****  Error:Illegal operands
 240 ???? 00000000 		 fcmpd %f7, %f7
****  Error:Illegal operands
 241 ???? 00000000 		 fcmpd %f7, %f8
****  Error:Illegal operands
 242 ???? 00000000 		 fcmpd %f7, %f9
****  Error:Illegal operands
 243 ???? 00000000 		 fcmpd %f7, %f10
****  Error:Illegal operands
 244 ???? 00000000 		 fcmpd %f7, %f11
****  Error:Illegal operands
 245 ???? 00000000 		 fcmpd %f7, %f12
****  Error:Illegal operands
 246 ???? 00000000 		 fcmpd %f7, %f13
****  Error:Illegal operands
 247 ???? 00000000 		 fcmpd %f7, %f14
****  Error:Illegal operands
 248 ???? 00000000 		 fcmpd %f7, %f15
****  Error:Illegal operands
 249 ???? 00000000 		 fcmpd %f7, %f16
****  Error:Illegal operands
 250 ???? 00000000 		 fcmpd %f7, %f17
****  Error:Illegal operands
 251 ???? 00000000 		 fcmpd %f7, %f18
****  Error:Illegal operands
 252 ???? 00000000 		 fcmpd %f7, %f19
****  Error:Illegal operands
 253 ???? 00000000 		 fcmpd %f7, %f20
****  Error:Illegal operands
 254 ???? 00000000 		 fcmpd %f7, %f21
****  Error:Illegal operands
 255 ???? 00000000 		 fcmpd %f7, %f22
****  Error:Illegal operands
 256 ???? 00000000 		 fcmpd %f7, %f23
****  Error:Illegal operands
 257 ???? 00000000 		 fcmpd %f7, %f24
****  Error:Illegal operands
 258 ???? 00000000 		 fcmpd %f7, %f25
****  Error:Illegal operands
 259 ???? 00000000 		 fcmpd %f7, %f26
****  Error:Illegal operands
 260 ???? 00000000 		 fcmpd %f7, %f27
****  Error:Illegal operands
 261 ???? 00000000 		 fcmpd %f7, %f28
****  Error:Illegal operands
 262 ???? 00000000 		 fcmpd %f7, %f29
****  Error:Illegal operands
 263 ???? 00000000 		 fcmpd %f7, %f30
****  Error:Illegal operands
 264 ???? 00000000 		 fcmpd %f7, %f31
****  Error:Illegal operands
 265 ???? 81AA0A40 		 fcmpd %f8, %f0
 266 ???? 00000000 		 fcmpd %f8, %f1
****  Error:Illegal operands
 267 ???? 81AA0A42 		 fcmpd %f8, %f2
 268 ???? 00000000 		 fcmpd %f8, %f3
****  Error:Illegal operands
 269 ???? 81AA0A44 		 fcmpd %f8, %f4
 270 ???? 00000000 		 fcmpd %f8, %f5
****  Error:Illegal operands
 271 ???? 81AA0A46 		 fcmpd %f8, %f6
 272 ???? 00000000 		 fcmpd %f8, %f7
****  Error:Illegal operands
 273 ???? 81AA0A48 		 fcmpd %f8, %f8
 274 ???? 00000000 		 fcmpd %f8, %f9
****  Error:Illegal operands
 275 ???? 81AA0A4A 		 fcmpd %f8, %f10
 276 ???? 00000000 		 fcmpd %f8, %f11
****  Error:Illegal operands
 277 ???? 81AA0A4C 		 fcmpd %f8, %f12
 278 ???? 00000000 		 fcmpd %f8, %f13
****  Error:Illegal operands
 279 ???? 81AA0A4E 		 fcmpd %f8, %f14
 280 ???? 00000000 		 fcmpd %f8, %f15
****  Error:Illegal operands
 281 ???? 81AA0A50 		 fcmpd %f8, %f16
 282 ???? 00000000 		 fcmpd %f8, %f17
****  Error:Illegal operands
 283 ???? 81AA0A52 		 fcmpd %f8, %f18
 284 ???? 00000000 		 fcmpd %f8, %f19
****  Error:Illegal operands
 285 ???? 81AA0A54 		 fcmpd %f8, %f20
 286 ???? 00000000 		 fcmpd %f8, %f21
****  Error:Illegal operands
 287 ???? 81AA0A56 		 fcmpd %f8, %f22
 288 ???? 00000000 		 fcmpd %f8, %f23
****  Error:Illegal operands
 289 ???? 81AA0A58 		 fcmpd %f8, %f24
 290 ???? 00000000 		 fcmpd %f8, %f25
****  Error:Illegal operands
 291 ???? 81AA0A5A 		 fcmpd %f8, %f26
 292 ???? 00000000 		 fcmpd %f8, %f27
****  Error:Illegal operands
 293 ???? 81AA0A5C 		 fcmpd %f8, %f28
 294 ???? 00000000 		 fcmpd %f8, %f29
****  Error:Illegal operands
 295 ???? 81AA0A5E 		 fcmpd %f8, %f30
 296 ???? 00000000 		 fcmpd %f8, %f31
****  Error:Illegal operands
 297 ???? 00000000 		 fcmpd %f9, %f0
****  Error:Illegal operands
 298 ???? 00000000 		 fcmpd %f9, %f1
****  Error:Illegal operands
 299 ???? 00000000 		 fcmpd %f9, %f2
****  Error:Illegal operands
 300 ???? 00000000 		 fcmpd %f9, %f3
****  Error:Illegal operands
 301 ???? 00000000 		 fcmpd %f9, %f4
****  Error:Illegal operands
 302 ???? 00000000 		 fcmpd %f9, %f5
****  Error:Illegal operands
 303 ???? 00000000 		 fcmpd %f9, %f6
****  Error:Illegal operands
 304 ???? 00000000 		 fcmpd %f9, %f7
****  Error:Illegal operands
 305 ???? 00000000 		 fcmpd %f9, %f8
****  Error:Illegal operands
 306 ???? 00000000 		 fcmpd %f9, %f9
****  Error:Illegal operands
 307 ???? 00000000 		 fcmpd %f9, %f10
****  Error:Illegal operands
 308 ???? 00000000 		 fcmpd %f9, %f11
****  Error:Illegal operands
 309 ???? 00000000 		 fcmpd %f9, %f12
****  Error:Illegal operands
 310 ???? 00000000 		 fcmpd %f9, %f13
****  Error:Illegal operands
 311 ???? 00000000 		 fcmpd %f9, %f14
****  Error:Illegal operands
 312 ???? 00000000 		 fcmpd %f9, %f15
****  Error:Illegal operands
 313 ???? 00000000 		 fcmpd %f9, %f16
****  Error:Illegal operands
 314 ???? 00000000 		 fcmpd %f9, %f17
****  Error:Illegal operands
 315 ???? 00000000 		 fcmpd %f9, %f18
****  Error:Illegal operands
 316 ???? 00000000 		 fcmpd %f9, %f19
****  Error:Illegal operands
 317 ???? 00000000 		 fcmpd %f9, %f20
****  Error:Illegal operands
 318 ???? 00000000 		 fcmpd %f9, %f21
****  Error:Illegal operands
 319 ???? 00000000 		 fcmpd %f9, %f22
****  Error:Illegal operands
 320 ???? 00000000 		 fcmpd %f9, %f23
****  Error:Illegal operands
 321 ???? 00000000 		 fcmpd %f9, %f24
****  Error:Illegal operands
 322 ???? 00000000 		 fcmpd %f9, %f25
****  Error:Illegal operands
 323 ???? 00000000 		 fcmpd %f9, %f26
****  Error:Illegal operands
 324 ???? 00000000 		 fcmpd %f9, %f27
****  Error:Illegal operands
 325 ???? 00000000 		 fcmpd %f9, %f28
****  Error:Illegal operands
 326 ???? 00000000 		 fcmpd %f9, %f29
****  Error:Illegal operands
 327 ???? 00000000 		 fcmpd %f9, %f30
****  Error:Illegal operands
 328 ???? 00000000 		 fcmpd %f9, %f31
****  Error:Illegal operands
 329 ???? 81AA8A40 		 fcmpd %f10, %f0
 330 ???? 00000000 		 fcmpd %f10, %f1
****  Error:Illegal operands
 331 ???? 81AA8A42 		 fcmpd %f10, %f2
 332 ???? 00000000 		 fcmpd %f10, %f3
****  Error:Illegal operands
 333 ???? 81AA8A44 		 fcmpd %f10, %f4
 334 ???? 00000000 		 fcmpd %f10, %f5
****  Error:Illegal operands
 335 ???? 81AA8A46 		 fcmpd %f10, %f6
 336 ???? 00000000 		 fcmpd %f10, %f7
****  Error:Illegal operands
 337 ???? 81AA8A48 		 fcmpd %f10, %f8
 338 ???? 00000000 		 fcmpd %f10, %f9
****  Error:Illegal operands
 339 ???? 81AA8A4A 		 fcmpd %f10, %f10
 340 ???? 00000000 		 fcmpd %f10, %f11
****  Error:Illegal operands
 341 ???? 81AA8A4C 		 fcmpd %f10, %f12
 342 ???? 00000000 		 fcmpd %f10, %f13
****  Error:Illegal operands
 343 ???? 81AA8A4E 		 fcmpd %f10, %f14
 344 ???? 00000000 		 fcmpd %f10, %f15
****  Error:Illegal operands
 345 ???? 81AA8A50 		 fcmpd %f10, %f16
 346 ???? 00000000 		 fcmpd %f10, %f17
****  Error:Illegal operands
 347 ???? 81AA8A52 		 fcmpd %f10, %f18
 348 ???? 00000000 		 fcmpd %f10, %f19
****  Error:Illegal operands
 349 ???? 81AA8A54 		 fcmpd %f10, %f20
 350 ???? 00000000 		 fcmpd %f10, %f21
****  Error:Illegal operands
 351 ???? 81AA8A56 		 fcmpd %f10, %f22
 352 ???? 00000000 		 fcmpd %f10, %f23
****  Error:Illegal operands
 353 ???? 81AA8A58 		 fcmpd %f10, %f24
 354 ???? 00000000 		 fcmpd %f10, %f25
****  Error:Illegal operands
 355 ???? 81AA8A5A 		 fcmpd %f10, %f26
 356 ???? 00000000 		 fcmpd %f10, %f27
****  Error:Illegal operands
 357 ???? 81AA8A5C 		 fcmpd %f10, %f28
 358 ???? 00000000 		 fcmpd %f10, %f29
****  Error:Illegal operands
 359 ???? 81AA8A5E 		 fcmpd %f10, %f30
 360 ???? 00000000 		 fcmpd %f10, %f31
****  Error:Illegal operands
 361 ???? 00000000 		 fcmpd %f11, %f0
****  Error:Illegal operands
 362 ???? 00000000 		 fcmpd %f11, %f1
****  Error:Illegal operands
 363 ???? 00000000 		 fcmpd %f11, %f2
****  Error:Illegal operands
 364 ???? 00000000 		 fcmpd %f11, %f3
****  Error:Illegal operands
 365 ???? 00000000 		 fcmpd %f11, %f4
****  Error:Illegal operands
 366 ???? 00000000 		 fcmpd %f11, %f5
****  Error:Illegal operands
 367 ???? 00000000 		 fcmpd %f11, %f6
****  Error:Illegal operands
 368 ???? 00000000 		 fcmpd %f11, %f7
****  Error:Illegal operands
 369 ???? 00000000 		 fcmpd %f11, %f8
****  Error:Illegal operands
 370 ???? 00000000 		 fcmpd %f11, %f9
****  Error:Illegal operands
 371 ???? 00000000 		 fcmpd %f11, %f10
****  Error:Illegal operands
 372 ???? 00000000 		 fcmpd %f11, %f11
****  Error:Illegal operands
 373 ???? 00000000 		 fcmpd %f11, %f12
****  Error:Illegal operands
 374 ???? 00000000 		 fcmpd %f11, %f13
****  Error:Illegal operands
 375 ???? 00000000 		 fcmpd %f11, %f14
****  Error:Illegal operands
 376 ???? 00000000 		 fcmpd %f11, %f15
****  Error:Illegal operands
 377 ???? 00000000 		 fcmpd %f11, %f16
****  Error:Illegal operands
 378 ???? 00000000 		 fcmpd %f11, %f17
****  Error:Illegal operands
 379 ???? 00000000 		 fcmpd %f11, %f18
****  Error:Illegal operands
 380 ???? 00000000 		 fcmpd %f11, %f19
****  Error:Illegal operands
 381 ???? 00000000 		 fcmpd %f11, %f20
****  Error:Illegal operands
 382 ???? 00000000 		 fcmpd %f11, %f21
****  Error:Illegal operands
 383 ???? 00000000 		 fcmpd %f11, %f22
****  Error:Illegal operands
 384 ???? 00000000 		 fcmpd %f11, %f23
****  Error:Illegal operands
 385 ???? 00000000 		 fcmpd %f11, %f24
****  Error:Illegal operands
 386 ???? 00000000 		 fcmpd %f11, %f25
****  Error:Illegal operands
 387 ???? 00000000 		 fcmpd %f11, %f26
****  Error:Illegal operands
 388 ???? 00000000 		 fcmpd %f11, %f27
****  Error:Illegal operands
 389 ???? 00000000 		 fcmpd %f11, %f28
****  Error:Illegal operands
 390 ???? 00000000 		 fcmpd %f11, %f29
****  Error:Illegal operands
 391 ???? 00000000 		 fcmpd %f11, %f30
****  Error:Illegal operands
 392 ???? 00000000 		 fcmpd %f11, %f31
****  Error:Illegal operands
 393 ???? 81AB0A40 		 fcmpd %f12, %f0
 394 ???? 00000000 		 fcmpd %f12, %f1
****  Error:Illegal operands
 395 ???? 81AB0A42 		 fcmpd %f12, %f2
 396 ???? 00000000 		 fcmpd %f12, %f3
****  Error:Illegal operands
 397 ???? 81AB0A44 		 fcmpd %f12, %f4
 398 ???? 00000000 		 fcmpd %f12, %f5
****  Error:Illegal operands
 399 ???? 81AB0A46 		 fcmpd %f12, %f6
 400 ???? 00000000 		 fcmpd %f12, %f7
****  Error:Illegal operands
 401 ???? 81AB0A48 		 fcmpd %f12, %f8
 402 ???? 00000000 		 fcmpd %f12, %f9
****  Error:Illegal operands
 403 ???? 81AB0A4A 		 fcmpd %f12, %f10
 404 ???? 00000000 		 fcmpd %f12, %f11
****  Error:Illegal operands
 405 ???? 81AB0A4C 		 fcmpd %f12, %f12
 406 ???? 00000000 		 fcmpd %f12, %f13
****  Error:Illegal operands
 407 ???? 81AB0A4E 		 fcmpd %f12, %f14
 408 ???? 00000000 		 fcmpd %f12, %f15
****  Error:Illegal operands
 409 ???? 81AB0A50 		 fcmpd %f12, %f16
 410 ???? 00000000 		 fcmpd %f12, %f17
****  Error:Illegal operands
 411 ???? 81AB0A52 		 fcmpd %f12, %f18
 412 ???? 00000000 		 fcmpd %f12, %f19
****  Error:Illegal operands
 413 ???? 81AB0A54 		 fcmpd %f12, %f20
 414 ???? 00000000 		 fcmpd %f12, %f21
****  Error:Illegal operands
 415 ???? 81AB0A56 		 fcmpd %f12, %f22
 416 ???? 00000000 		 fcmpd %f12, %f23
****  Error:Illegal operands
 417 ???? 81AB0A58 		 fcmpd %f12, %f24
 418 ???? 00000000 		 fcmpd %f12, %f25
****  Error:Illegal operands
 419 ???? 81AB0A5A 		 fcmpd %f12, %f26
 420 ???? 00000000 		 fcmpd %f12, %f27
****  Error:Illegal operands
 421 ???? 81AB0A5C 		 fcmpd %f12, %f28
 422 ???? 00000000 		 fcmpd %f12, %f29
****  Error:Illegal operands
 423 ???? 81AB0A5E 		 fcmpd %f12, %f30
 424 ???? 00000000 		 fcmpd %f12, %f31
****  Error:Illegal operands
 425 ???? 00000000 		 fcmpd %f13, %f0
****  Error:Illegal operands
 426 ???? 00000000 		 fcmpd %f13, %f1
****  Error:Illegal operands
 427 ???? 00000000 		 fcmpd %f13, %f2
****  Error:Illegal operands
 428 ???? 00000000 		 fcmpd %f13, %f3
****  Error:Illegal operands
 429 ???? 00000000 		 fcmpd %f13, %f4
****  Error:Illegal operands
 430 ???? 00000000 		 fcmpd %f13, %f5
****  Error:Illegal operands
 431 ???? 00000000 		 fcmpd %f13, %f6
****  Error:Illegal operands
 432 ???? 00000000 		 fcmpd %f13, %f7
****  Error:Illegal operands
 433 ???? 00000000 		 fcmpd %f13, %f8
****  Error:Illegal operands
 434 ???? 00000000 		 fcmpd %f13, %f9
****  Error:Illegal operands
 435 ???? 00000000 		 fcmpd %f13, %f10
****  Error:Illegal operands
 436 ???? 00000000 		 fcmpd %f13, %f11
****  Error:Illegal operands
 437 ???? 00000000 		 fcmpd %f13, %f12
****  Error:Illegal operands
 438 ???? 00000000 		 fcmpd %f13, %f13
****  Error:Illegal operands
 439 ???? 00000000 		 fcmpd %f13, %f14
****  Error:Illegal operands
 440 ???? 00000000 		 fcmpd %f13, %f15
****  Error:Illegal operands
 441 ???? 00000000 		 fcmpd %f13, %f16
****  Error:Illegal operands
 442 ???? 00000000 		 fcmpd %f13, %f17
****  Error:Illegal operands
 443 ???? 00000000 		 fcmpd %f13, %f18
****  Error:Illegal operands
 444 ???? 00000000 		 fcmpd %f13, %f19
****  Error:Illegal operands
 445 ???? 00000000 		 fcmpd %f13, %f20
****  Error:Illegal operands
 446 ???? 00000000 		 fcmpd %f13, %f21
****  Error:Illegal operands
 447 ???? 00000000 		 fcmpd %f13, %f22
****  Error:Illegal operands
 448 ???? 00000000 		 fcmpd %f13, %f23
****  Error:Illegal operands
 449 ???? 00000000 		 fcmpd %f13, %f24
****  Error:Illegal operands
 450 ???? 00000000 		 fcmpd %f13, %f25
****  Error:Illegal operands
 451 ???? 00000000 		 fcmpd %f13, %f26
****  Error:Illegal operands
 452 ???? 00000000 		 fcmpd %f13, %f27
****  Error:Illegal operands
 453 ???? 00000000 		 fcmpd %f13, %f28
****  Error:Illegal operands
 454 ???? 00000000 		 fcmpd %f13, %f29
****  Error:Illegal operands
 455 ???? 00000000 		 fcmpd %f13, %f30
****  Error:Illegal operands
 456 ???? 00000000 		 fcmpd %f13, %f31
****  Error:Illegal operands
 457 ???? 81AB8A40 		 fcmpd %f14, %f0
 458 ???? 00000000 		 fcmpd %f14, %f1
****  Error:Illegal operands
 459 ???? 81AB8A42 		 fcmpd %f14, %f2
 460 ???? 00000000 		 fcmpd %f14, %f3
****  Error:Illegal operands
 461 ???? 81AB8A44 		 fcmpd %f14, %f4
 462 ???? 00000000 		 fcmpd %f14, %f5
****  Error:Illegal operands
 463 ???? 81AB8A46 		 fcmpd %f14, %f6
 464 ???? 00000000 		 fcmpd %f14, %f7
****  Error:Illegal operands
 465 ???? 81AB8A48 		 fcmpd %f14, %f8
 466 ???? 00000000 		 fcmpd %f14, %f9
****  Error:Illegal operands
 467 ???? 81AB8A4A 		 fcmpd %f14, %f10
 468 ???? 00000000 		 fcmpd %f14, %f11
****  Error:Illegal operands
 469 ???? 81AB8A4C 		 fcmpd %f14, %f12
 470 ???? 00000000 		 fcmpd %f14, %f13
****  Error:Illegal operands
 471 ???? 81AB8A4E 		 fcmpd %f14, %f14
 472 ???? 00000000 		 fcmpd %f14, %f15
****  Error:Illegal operands
 473 ???? 81AB8A50 		 fcmpd %f14, %f16
 474 ???? 00000000 		 fcmpd %f14, %f17
****  Error:Illegal operands
 475 ???? 81AB8A52 		 fcmpd %f14, %f18
 476 ???? 00000000 		 fcmpd %f14, %f19
****  Error:Illegal operands
 477 ???? 81AB8A54 		 fcmpd %f14, %f20
 478 ???? 00000000 		 fcmpd %f14, %f21
****  Error:Illegal operands
 479 ???? 81AB8A56 		 fcmpd %f14, %f22
 480 ???? 00000000 		 fcmpd %f14, %f23
****  Error:Illegal operands
 481 ???? 81AB8A58 		 fcmpd %f14, %f24
 482 ???? 00000000 		 fcmpd %f14, %f25
****  Error:Illegal operands
 483 ???? 81AB8A5A 		 fcmpd %f14, %f26
 484 ???? 00000000 		 fcmpd %f14, %f27
****  Error:Illegal operands
 485 ???? 81AB8A5C 		 fcmpd %f14, %f28
 486 ???? 00000000 		 fcmpd %f14, %f29
****  Error:Illegal operands
 487 ???? 81AB8A5E 		 fcmpd %f14, %f30
 488 ???? 00000000 		 fcmpd %f14, %f31
****  Error:Illegal operands
 489 ???? 00000000 		 fcmpd %f15, %f0
****  Error:Illegal operands
 490 ???? 00000000 		 fcmpd %f15, %f1
****  Error:Illegal operands
 491 ???? 00000000 		 fcmpd %f15, %f2
****  Error:Illegal operands
 492 ???? 00000000 		 fcmpd %f15, %f3
****  Error:Illegal operands
 493 ???? 00000000 		 fcmpd %f15, %f4
****  Error:Illegal operands
 494 ???? 00000000 		 fcmpd %f15, %f5
****  Error:Illegal operands
 495 ???? 00000000 		 fcmpd %f15, %f6
****  Error:Illegal operands
 496 ???? 00000000 		 fcmpd %f15, %f7
****  Error:Illegal operands
 497 ???? 00000000 		 fcmpd %f15, %f8
****  Error:Illegal operands
 498 ???? 00000000 		 fcmpd %f15, %f9
****  Error:Illegal operands
 499 ???? 00000000 		 fcmpd %f15, %f10
****  Error:Illegal operands
 500 ???? 00000000 		 fcmpd %f15, %f11
****  Error:Illegal operands
 501 ???? 00000000 		 fcmpd %f15, %f12
****  Error:Illegal operands
 502 ???? 00000000 		 fcmpd %f15, %f13
****  Error:Illegal operands
 503 ???? 00000000 		 fcmpd %f15, %f14
****  Error:Illegal operands
 504 ???? 00000000 		 fcmpd %f15, %f15
****  Error:Illegal operands
 505 ???? 00000000 		 fcmpd %f15, %f16
****  Error:Illegal operands
 506 ???? 00000000 		 fcmpd %f15, %f17
****  Error:Illegal operands
 507 ???? 00000000 		 fcmpd %f15, %f18
****  Error:Illegal operands
 508 ???? 00000000 		 fcmpd %f15, %f19
****  Error:Illegal operands
 509 ???? 00000000 		 fcmpd %f15, %f20
****  Error:Illegal operands
 510 ???? 00000000 		 fcmpd %f15, %f21
****  Error:Illegal operands
 511 ???? 00000000 		 fcmpd %f15, %f22
****  Error:Illegal operands
 512 ???? 00000000 		 fcmpd %f15, %f23
****  Error:Illegal operands
 513 ???? 00000000 		 fcmpd %f15, %f24
****  Error:Illegal operands
 514 ???? 00000000 		 fcmpd %f15, %f25
****  Error:Illegal operands
 515 ???? 00000000 		 fcmpd %f15, %f26
****  Error:Illegal operands
 516 ???? 00000000 		 fcmpd %f15, %f27
****  Error:Illegal operands
 517 ???? 00000000 		 fcmpd %f15, %f28
****  Error:Illegal operands
 518 ???? 00000000 		 fcmpd %f15, %f29
****  Error:Illegal operands
 519 ???? 00000000 		 fcmpd %f15, %f30
****  Error:Illegal operands
 520 ???? 00000000 		 fcmpd %f15, %f31
****  Error:Illegal operands
 521 ???? 81AC0A40 		 fcmpd %f16, %f0
 522 ???? 00000000 		 fcmpd %f16, %f1
****  Error:Illegal operands
 523 ???? 81AC0A42 		 fcmpd %f16, %f2
 524 ???? 00000000 		 fcmpd %f16, %f3
****  Error:Illegal operands
 525 ???? 81AC0A44 		 fcmpd %f16, %f4
 526 ???? 00000000 		 fcmpd %f16, %f5
****  Error:Illegal operands
 527 ???? 81AC0A46 		 fcmpd %f16, %f6
 528 ???? 00000000 		 fcmpd %f16, %f7
****  Error:Illegal operands
 529 ???? 81AC0A48 		 fcmpd %f16, %f8
 530 ???? 00000000 		 fcmpd %f16, %f9
****  Error:Illegal operands
 531 ???? 81AC0A4A 		 fcmpd %f16, %f10
 532 ???? 00000000 		 fcmpd %f16, %f11
****  Error:Illegal operands
 533 ???? 81AC0A4C 		 fcmpd %f16, %f12
 534 ???? 00000000 		 fcmpd %f16, %f13
****  Error:Illegal operands
 535 ???? 81AC0A4E 		 fcmpd %f16, %f14
 536 ???? 00000000 		 fcmpd %f16, %f15
****  Error:Illegal operands
 537 ???? 81AC0A50 		 fcmpd %f16, %f16
 538 ???? 00000000 		 fcmpd %f16, %f17
****  Error:Illegal operands
 539 ???? 81AC0A52 		 fcmpd %f16, %f18
 540 ???? 00000000 		 fcmpd %f16, %f19
****  Error:Illegal operands
 541 ???? 81AC0A54 		 fcmpd %f16, %f20
 542 ???? 00000000 		 fcmpd %f16, %f21
****  Error:Illegal operands
 543 ???? 81AC0A56 		 fcmpd %f16, %f22
 544 ???? 00000000 		 fcmpd %f16, %f23
****  Error:Illegal operands
 545 ???? 81AC0A58 		 fcmpd %f16, %f24
 546 ???? 00000000 		 fcmpd %f16, %f25
****  Error:Illegal operands
 547 ???? 81AC0A5A 		 fcmpd %f16, %f26
 548 ???? 00000000 		 fcmpd %f16, %f27
****  Error:Illegal operands
 549 ???? 81AC0A5C 		 fcmpd %f16, %f28
 550 ???? 00000000 		 fcmpd %f16, %f29
****  Error:Illegal operands
 551 ???? 81AC0A5E 		 fcmpd %f16, %f30
 552 ???? 00000000 		 fcmpd %f16, %f31
****  Error:Illegal operands
 553 ???? 00000000 		 fcmpd %f17, %f0
****  Error:Illegal operands
 554 ???? 00000000 		 fcmpd %f17, %f1
****  Error:Illegal operands
 555 ???? 00000000 		 fcmpd %f17, %f2
****  Error:Illegal operands
 556 ???? 00000000 		 fcmpd %f17, %f3
****  Error:Illegal operands
 557 ???? 00000000 		 fcmpd %f17, %f4
****  Error:Illegal operands
 558 ???? 00000000 		 fcmpd %f17, %f5
****  Error:Illegal operands
 559 ???? 00000000 		 fcmpd %f17, %f6
****  Error:Illegal operands
 560 ???? 00000000 		 fcmpd %f17, %f7
****  Error:Illegal operands
 561 ???? 00000000 		 fcmpd %f17, %f8
****  Error:Illegal operands
 562 ???? 00000000 		 fcmpd %f17, %f9
****  Error:Illegal operands
 563 ???? 00000000 		 fcmpd %f17, %f10
****  Error:Illegal operands
 564 ???? 00000000 		 fcmpd %f17, %f11
****  Error:Illegal operands
 565 ???? 00000000 		 fcmpd %f17, %f12
****  Error:Illegal operands
 566 ???? 00000000 		 fcmpd %f17, %f13
****  Error:Illegal operands
 567 ???? 00000000 		 fcmpd %f17, %f14
****  Error:Illegal operands
 568 ???? 00000000 		 fcmpd %f17, %f15
****  Error:Illegal operands
 569 ???? 00000000 		 fcmpd %f17, %f16
****  Error:Illegal operands
 570 ???? 00000000 		 fcmpd %f17, %f17
****  Error:Illegal operands
 571 ???? 00000000 		 fcmpd %f17, %f18
****  Error:Illegal operands
 572 ???? 00000000 		 fcmpd %f17, %f19
****  Error:Illegal operands
 573 ???? 00000000 		 fcmpd %f17, %f20
****  Error:Illegal operands
 574 ???? 00000000 		 fcmpd %f17, %f21
****  Error:Illegal operands
 575 ???? 00000000 		 fcmpd %f17, %f22
****  Error:Illegal operands
 576 ???? 00000000 		 fcmpd %f17, %f23
****  Error:Illegal operands
 577 ???? 00000000 		 fcmpd %f17, %f24
****  Error:Illegal operands
 578 ???? 00000000 		 fcmpd %f17, %f25
****  Error:Illegal operands
 579 ???? 00000000 		 fcmpd %f17, %f26
****  Error:Illegal operands
 580 ???? 00000000 		 fcmpd %f17, %f27
****  Error:Illegal operands
 581 ???? 00000000 		 fcmpd %f17, %f28
****  Error:Illegal operands
 582 ???? 00000000 		 fcmpd %f17, %f29
****  Error:Illegal operands
 583 ???? 00000000 		 fcmpd %f17, %f30
****  Error:Illegal operands
 584 ???? 00000000 		 fcmpd %f17, %f31
****  Error:Illegal operands
 585 ???? 81AC8A40 		 fcmpd %f18, %f0
 586 ???? 00000000 		 fcmpd %f18, %f1
****  Error:Illegal operands
 587 ???? 81AC8A42 		 fcmpd %f18, %f2
 588 ???? 00000000 		 fcmpd %f18, %f3
****  Error:Illegal operands
 589 ???? 81AC8A44 		 fcmpd %f18, %f4
 590 ???? 00000000 		 fcmpd %f18, %f5
****  Error:Illegal operands
 591 ???? 81AC8A46 		 fcmpd %f18, %f6
 592 ???? 00000000 		 fcmpd %f18, %f7
****  Error:Illegal operands
 593 ???? 81AC8A48 		 fcmpd %f18, %f8
 594 ???? 00000000 		 fcmpd %f18, %f9
****  Error:Illegal operands
 595 ???? 81AC8A4A 		 fcmpd %f18, %f10
 596 ???? 00000000 		 fcmpd %f18, %f11
****  Error:Illegal operands
 597 ???? 81AC8A4C 		 fcmpd %f18, %f12
 598 ???? 00000000 		 fcmpd %f18, %f13
****  Error:Illegal operands
 599 ???? 81AC8A4E 		 fcmpd %f18, %f14
 600 ???? 00000000 		 fcmpd %f18, %f15
****  Error:Illegal operands
 601 ???? 81AC8A50 		 fcmpd %f18, %f16
 602 ???? 00000000 		 fcmpd %f18, %f17
****  Error:Illegal operands
 603 ???? 81AC8A52 		 fcmpd %f18, %f18
 604 ???? 00000000 		 fcmpd %f18, %f19
****  Error:Illegal operands
 605 ???? 81AC8A54 		 fcmpd %f18, %f20
 606 ???? 00000000 		 fcmpd %f18, %f21
****  Error:Illegal operands
 607 ???? 81AC8A56 		 fcmpd %f18, %f22
 608 ???? 00000000 		 fcmpd %f18, %f23
****  Error:Illegal operands
 609 ???? 81AC8A58 		 fcmpd %f18, %f24
 610 ???? 00000000 		 fcmpd %f18, %f25
****  Error:Illegal operands
 611 ???? 81AC8A5A 		 fcmpd %f18, %f26
 612 ???? 00000000 		 fcmpd %f18, %f27
****  Error:Illegal operands
 613 ???? 81AC8A5C 		 fcmpd %f18, %f28
 614 ???? 00000000 		 fcmpd %f18, %f29
****  Error:Illegal operands
 615 ???? 81AC8A5E 		 fcmpd %f18, %f30
 616 ???? 00000000 		 fcmpd %f18, %f31
****  Error:Illegal operands
 617 ???? 00000000 		 fcmpd %f19, %f0
****  Error:Illegal operands
 618 ???? 00000000 		 fcmpd %f19, %f1
****  Error:Illegal operands
 619 ???? 00000000 		 fcmpd %f19, %f2
****  Error:Illegal operands
 620 ???? 00000000 		 fcmpd %f19, %f3
****  Error:Illegal operands
 621 ???? 00000000 		 fcmpd %f19, %f4
****  Error:Illegal operands
 622 ???? 00000000 		 fcmpd %f19, %f5
****  Error:Illegal operands
 623 ???? 00000000 		 fcmpd %f19, %f6
****  Error:Illegal operands
 624 ???? 00000000 		 fcmpd %f19, %f7
****  Error:Illegal operands
 625 ???? 00000000 		 fcmpd %f19, %f8
****  Error:Illegal operands
 626 ???? 00000000 		 fcmpd %f19, %f9
****  Error:Illegal operands
 627 ???? 00000000 		 fcmpd %f19, %f10
****  Error:Illegal operands
 628 ???? 00000000 		 fcmpd %f19, %f11
****  Error:Illegal operands
 629 ???? 00000000 		 fcmpd %f19, %f12
****  Error:Illegal operands
 630 ???? 00000000 		 fcmpd %f19, %f13
****  Error:Illegal operands
 631 ???? 00000000 		 fcmpd %f19, %f14
****  Error:Illegal operands
 632 ???? 00000000 		 fcmpd %f19, %f15
****  Error:Illegal operands
 633 ???? 00000000 		 fcmpd %f19, %f16
****  Error:Illegal operands
 634 ???? 00000000 		 fcmpd %f19, %f17
****  Error:Illegal operands
 635 ???? 00000000 		 fcmpd %f19, %f18
****  Error:Illegal operands
 636 ???? 00000000 		 fcmpd %f19, %f19
****  Error:Illegal operands
 637 ???? 00000000 		 fcmpd %f19, %f20
****  Error:Illegal operands
 638 ???? 00000000 		 fcmpd %f19, %f21
****  Error:Illegal operands
 639 ???? 00000000 		 fcmpd %f19, %f22
****  Error:Illegal operands
 640 ???? 00000000 		 fcmpd %f19, %f23
****  Error:Illegal operands
 641 ???? 00000000 		 fcmpd %f19, %f24
****  Error:Illegal operands
 642 ???? 00000000 		 fcmpd %f19, %f25
****  Error:Illegal operands
 643 ???? 00000000 		 fcmpd %f19, %f26
****  Error:Illegal operands
 644 ???? 00000000 		 fcmpd %f19, %f27
****  Error:Illegal operands
 645 ???? 00000000 		 fcmpd %f19, %f28
****  Error:Illegal operands
 646 ???? 00000000 		 fcmpd %f19, %f29
****  Error:Illegal operands
 647 ???? 00000000 		 fcmpd %f19, %f30
****  Error:Illegal operands
 648 ???? 00000000 		 fcmpd %f19, %f31
****  Error:Illegal operands
 649 ???? 81AD0A40 		 fcmpd %f20, %f0
 650 ???? 00000000 		 fcmpd %f20, %f1
****  Error:Illegal operands
 651 ???? 81AD0A42 		 fcmpd %f20, %f2
 652 ???? 00000000 		 fcmpd %f20, %f3
****  Error:Illegal operands
 653 ???? 81AD0A44 		 fcmpd %f20, %f4
 654 ???? 00000000 		 fcmpd %f20, %f5
****  Error:Illegal operands
 655 ???? 81AD0A46 		 fcmpd %f20, %f6
 656 ???? 00000000 		 fcmpd %f20, %f7
****  Error:Illegal operands
 657 ???? 81AD0A48 		 fcmpd %f20, %f8
 658 ???? 00000000 		 fcmpd %f20, %f9
****  Error:Illegal operands
 659 ???? 81AD0A4A 		 fcmpd %f20, %f10
 660 ???? 00000000 		 fcmpd %f20, %f11
****  Error:Illegal operands
 661 ???? 81AD0A4C 		 fcmpd %f20, %f12
 662 ???? 00000000 		 fcmpd %f20, %f13
****  Error:Illegal operands
 663 ???? 81AD0A4E 		 fcmpd %f20, %f14
 664 ???? 00000000 		 fcmpd %f20, %f15
****  Error:Illegal operands
 665 ???? 81AD0A50 		 fcmpd %f20, %f16
 666 ???? 00000000 		 fcmpd %f20, %f17
****  Error:Illegal operands
 667 ???? 81AD0A52 		 fcmpd %f20, %f18
 668 ???? 00000000 		 fcmpd %f20, %f19
****  Error:Illegal operands
 669 ???? 81AD0A54 		 fcmpd %f20, %f20
 670 ???? 00000000 		 fcmpd %f20, %f21
****  Error:Illegal operands
 671 ???? 81AD0A56 		 fcmpd %f20, %f22
 672 ???? 00000000 		 fcmpd %f20, %f23
****  Error:Illegal operands
 673 ???? 81AD0A58 		 fcmpd %f20, %f24
 674 ???? 00000000 		 fcmpd %f20, %f25
****  Error:Illegal operands
 675 ???? 81AD0A5A 		 fcmpd %f20, %f26
 676 ???? 00000000 		 fcmpd %f20, %f27
****  Error:Illegal operands
 677 ???? 81AD0A5C 		 fcmpd %f20, %f28
 678 ???? 00000000 		 fcmpd %f20, %f29
****  Error:Illegal operands
 679 ???? 81AD0A5E 		 fcmpd %f20, %f30
 680 ???? 00000000 		 fcmpd %f20, %f31
****  Error:Illegal operands
 681 ???? 00000000 		 fcmpd %f21, %f0
****  Error:Illegal operands
 682 ???? 00000000 		 fcmpd %f21, %f1
****  Error:Illegal operands
 683 ???? 00000000 		 fcmpd %f21, %f2
****  Error:Illegal operands
 684 ???? 00000000 		 fcmpd %f21, %f3
****  Error:Illegal operands
 685 ???? 00000000 		 fcmpd %f21, %f4
****  Error:Illegal operands
 686 ???? 00000000 		 fcmpd %f21, %f5
****  Error:Illegal operands
 687 ???? 00000000 		 fcmpd %f21, %f6
****  Error:Illegal operands
 688 ???? 00000000 		 fcmpd %f21, %f7
****  Error:Illegal operands
 689 ???? 00000000 		 fcmpd %f21, %f8
****  Error:Illegal operands
 690 ???? 00000000 		 fcmpd %f21, %f9
****  Error:Illegal operands
 691 ???? 00000000 		 fcmpd %f21, %f10
****  Error:Illegal operands
 692 ???? 00000000 		 fcmpd %f21, %f11
****  Error:Illegal operands
 693 ???? 00000000 		 fcmpd %f21, %f12
****  Error:Illegal operands
 694 ???? 00000000 		 fcmpd %f21, %f13
****  Error:Illegal operands
 695 ???? 00000000 		 fcmpd %f21, %f14
****  Error:Illegal operands
 696 ???? 00000000 		 fcmpd %f21, %f15
****  Error:Illegal operands
 697 ???? 00000000 		 fcmpd %f21, %f16
****  Error:Illegal operands
 698 ???? 00000000 		 fcmpd %f21, %f17
****  Error:Illegal operands
 699 ???? 00000000 		 fcmpd %f21, %f18
****  Error:Illegal operands
 700 ???? 00000000 		 fcmpd %f21, %f19
****  Error:Illegal operands
 701 ???? 00000000 		 fcmpd %f21, %f20
****  Error:Illegal operands
 702 ???? 00000000 		 fcmpd %f21, %f21
****  Error:Illegal operands
 703 ???? 00000000 		 fcmpd %f21, %f22
****  Error:Illegal operands
 704 ???? 00000000 		 fcmpd %f21, %f23
****  Error:Illegal operands
 705 ???? 00000000 		 fcmpd %f21, %f24
****  Error:Illegal operands
 706 ???? 00000000 		 fcmpd %f21, %f25
****  Error:Illegal operands
 707 ???? 00000000 		 fcmpd %f21, %f26
****  Error:Illegal operands
 708 ???? 00000000 		 fcmpd %f21, %f27
****  Error:Illegal operands
 709 ???? 00000000 		 fcmpd %f21, %f28
****  Error:Illegal operands
 710 ???? 00000000 		 fcmpd %f21, %f29
****  Error:Illegal operands
 711 ???? 00000000 		 fcmpd %f21, %f30
****  Error:Illegal operands
 712 ???? 00000000 		 fcmpd %f21, %f31
****  Error:Illegal operands
 713 ???? 81AD8A40 		 fcmpd %f22, %f0
 714 ???? 00000000 		 fcmpd %f22, %f1
****  Error:Illegal operands
 715 ???? 81AD8A42 		 fcmpd %f22, %f2
 716 ???? 00000000 		 fcmpd %f22, %f3
****  Error:Illegal operands
 717 ???? 81AD8A44 		 fcmpd %f22, %f4
 718 ???? 00000000 		 fcmpd %f22, %f5
****  Error:Illegal operands
 719 ???? 81AD8A46 		 fcmpd %f22, %f6
 720 ???? 00000000 		 fcmpd %f22, %f7
****  Error:Illegal operands
 721 ???? 81AD8A48 		 fcmpd %f22, %f8
 722 ???? 00000000 		 fcmpd %f22, %f9
****  Error:Illegal operands
 723 ???? 81AD8A4A 		 fcmpd %f22, %f10
 724 ???? 00000000 		 fcmpd %f22, %f11
****  Error:Illegal operands
 725 ???? 81AD8A4C 		 fcmpd %f22, %f12
 726 ???? 00000000 		 fcmpd %f22, %f13
****  Error:Illegal operands
 727 ???? 81AD8A4E 		 fcmpd %f22, %f14
 728 ???? 00000000 		 fcmpd %f22, %f15
****  Error:Illegal operands
 729 ???? 81AD8A50 		 fcmpd %f22, %f16
 730 ???? 00000000 		 fcmpd %f22, %f17
****  Error:Illegal operands
 731 ???? 81AD8A52 		 fcmpd %f22, %f18
 732 ???? 00000000 		 fcmpd %f22, %f19
****  Error:Illegal operands
 733 ???? 81AD8A54 		 fcmpd %f22, %f20
 734 ???? 00000000 		 fcmpd %f22, %f21
****  Error:Illegal operands
 735 ???? 81AD8A56 		 fcmpd %f22, %f22
 736 ???? 00000000 		 fcmpd %f22, %f23
****  Error:Illegal operands
 737 ???? 81AD8A58 		 fcmpd %f22, %f24
 738 ???? 00000000 		 fcmpd %f22, %f25
****  Error:Illegal operands
 739 ???? 81AD8A5A 		 fcmpd %f22, %f26
 740 ???? 00000000 		 fcmpd %f22, %f27
****  Error:Illegal operands
 741 ???? 81AD8A5C 		 fcmpd %f22, %f28
 742 ???? 00000000 		 fcmpd %f22, %f29
****  Error:Illegal operands
 743 ???? 81AD8A5E 		 fcmpd %f22, %f30
 744 ???? 00000000 		 fcmpd %f22, %f31
****  Error:Illegal operands
 745 ???? 00000000 		 fcmpd %f23, %f0
****  Error:Illegal operands
 746 ???? 00000000 		 fcmpd %f23, %f1
****  Error:Illegal operands
 747 ???? 00000000 		 fcmpd %f23, %f2
****  Error:Illegal operands
 748 ???? 00000000 		 fcmpd %f23, %f3
****  Error:Illegal operands
 749 ???? 00000000 		 fcmpd %f23, %f4
****  Error:Illegal operands
 750 ???? 00000000 		 fcmpd %f23, %f5
****  Error:Illegal operands
 751 ???? 00000000 		 fcmpd %f23, %f6
****  Error:Illegal operands
 752 ???? 00000000 		 fcmpd %f23, %f7
****  Error:Illegal operands
 753 ???? 00000000 		 fcmpd %f23, %f8
****  Error:Illegal operands
 754 ???? 00000000 		 fcmpd %f23, %f9
****  Error:Illegal operands
 755 ???? 00000000 		 fcmpd %f23, %f10
****  Error:Illegal operands
 756 ???? 00000000 		 fcmpd %f23, %f11
****  Error:Illegal operands
 757 ???? 00000000 		 fcmpd %f23, %f12
****  Error:Illegal operands
 758 ???? 00000000 		 fcmpd %f23, %f13
****  Error:Illegal operands
 759 ???? 00000000 		 fcmpd %f23, %f14
****  Error:Illegal operands
 760 ???? 00000000 		 fcmpd %f23, %f15
****  Error:Illegal operands
 761 ???? 00000000 		 fcmpd %f23, %f16
****  Error:Illegal operands
 762 ???? 00000000 		 fcmpd %f23, %f17
****  Error:Illegal operands
 763 ???? 00000000 		 fcmpd %f23, %f18
****  Error:Illegal operands
 764 ???? 00000000 		 fcmpd %f23, %f19
****  Error:Illegal operands
 765 ???? 00000000 		 fcmpd %f23, %f20
****  Error:Illegal operands
 766 ???? 00000000 		 fcmpd %f23, %f21
****  Error:Illegal operands
 767 ???? 00000000 		 fcmpd %f23, %f22
****  Error:Illegal operands
 768 ???? 00000000 		 fcmpd %f23, %f23
****  Error:Illegal operands
 769 ???? 00000000 		 fcmpd %f23, %f24
****  Error:Illegal operands
 770 ???? 00000000 		 fcmpd %f23, %f25
****  Error:Illegal operands
 771 ???? 00000000 		 fcmpd %f23, %f26
****  Error:Illegal operands
 772 ???? 00000000 		 fcmpd %f23, %f27
****  Error:Illegal operands
 773 ???? 00000000 		 fcmpd %f23, %f28
****  Error:Illegal operands
 774 ???? 00000000 		 fcmpd %f23, %f29
****  Error:Illegal operands
 775 ???? 00000000 		 fcmpd %f23, %f30
****  Error:Illegal operands
 776 ???? 00000000 		 fcmpd %f23, %f31
****  Error:Illegal operands
 777 ???? 81AE0A40 		 fcmpd %f24, %f0
 778 ???? 00000000 		 fcmpd %f24, %f1
****  Error:Illegal operands
 779 ???? 81AE0A42 		 fcmpd %f24, %f2
 780 ???? 00000000 		 fcmpd %f24, %f3
****  Error:Illegal operands
 781 ???? 81AE0A44 		 fcmpd %f24, %f4
 782 ???? 00000000 		 fcmpd %f24, %f5
****  Error:Illegal operands
 783 ???? 81AE0A46 		 fcmpd %f24, %f6
 784 ???? 00000000 		 fcmpd %f24, %f7
****  Error:Illegal operands
 785 ???? 81AE0A48 		 fcmpd %f24, %f8
 786 ???? 00000000 		 fcmpd %f24, %f9
****  Error:Illegal operands
 787 ???? 81AE0A4A 		 fcmpd %f24, %f10
 788 ???? 00000000 		 fcmpd %f24, %f11
****  Error:Illegal operands
 789 ???? 81AE0A4C 		 fcmpd %f24, %f12
 790 ???? 00000000 		 fcmpd %f24, %f13
****  Error:Illegal operands
 791 ???? 81AE0A4E 		 fcmpd %f24, %f14
 792 ???? 00000000 		 fcmpd %f24, %f15
****  Error:Illegal operands
 793 ???? 81AE0A50 		 fcmpd %f24, %f16
 794 ???? 00000000 		 fcmpd %f24, %f17
****  Error:Illegal operands
 795 ???? 81AE0A52 		 fcmpd %f24, %f18
 796 ???? 00000000 		 fcmpd %f24, %f19
****  Error:Illegal operands
 797 ???? 81AE0A54 		 fcmpd %f24, %f20
 798 ???? 00000000 		 fcmpd %f24, %f21
****  Error:Illegal operands
 799 ???? 81AE0A56 		 fcmpd %f24, %f22
 800 ???? 00000000 		 fcmpd %f24, %f23
****  Error:Illegal operands
 801 ???? 81AE0A58 		 fcmpd %f24, %f24
 802 ???? 00000000 		 fcmpd %f24, %f25
****  Error:Illegal operands
 803 ???? 81AE0A5A 		 fcmpd %f24, %f26
 804 ???? 00000000 		 fcmpd %f24, %f27
****  Error:Illegal operands
 805 ???? 81AE0A5C 		 fcmpd %f24, %f28
 806 ???? 00000000 		 fcmpd %f24, %f29
****  Error:Illegal operands
 807 ???? 81AE0A5E 		 fcmpd %f24, %f30
 808 ???? 00000000 		 fcmpd %f24, %f31
****  Error:Illegal operands
 809 ???? 00000000 		 fcmpd %f25, %f0
****  Error:Illegal operands
 810 ???? 00000000 		 fcmpd %f25, %f1
****  Error:Illegal operands
 811 ???? 00000000 		 fcmpd %f25, %f2
****  Error:Illegal operands
 812 ???? 00000000 		 fcmpd %f25, %f3
****  Error:Illegal operands
 813 ???? 00000000 		 fcmpd %f25, %f4
****  Error:Illegal operands
 814 ???? 00000000 		 fcmpd %f25, %f5
****  Error:Illegal operands
 815 ???? 00000000 		 fcmpd %f25, %f6
****  Error:Illegal operands
 816 ???? 00000000 		 fcmpd %f25, %f7
****  Error:Illegal operands
 817 ???? 00000000 		 fcmpd %f25, %f8
****  Error:Illegal operands
 818 ???? 00000000 		 fcmpd %f25, %f9
****  Error:Illegal operands
 819 ???? 00000000 		 fcmpd %f25, %f10
****  Error:Illegal operands
 820 ???? 00000000 		 fcmpd %f25, %f11
****  Error:Illegal operands
 821 ???? 00000000 		 fcmpd %f25, %f12
****  Error:Illegal operands
 822 ???? 00000000 		 fcmpd %f25, %f13
****  Error:Illegal operands
 823 ???? 00000000 		 fcmpd %f25, %f14
****  Error:Illegal operands
 824 ???? 00000000 		 fcmpd %f25, %f15
****  Error:Illegal operands
 825 ???? 00000000 		 fcmpd %f25, %f16
****  Error:Illegal operands
 826 ???? 00000000 		 fcmpd %f25, %f17
****  Error:Illegal operands
 827 ???? 00000000 		 fcmpd %f25, %f18
****  Error:Illegal operands
 828 ???? 00000000 		 fcmpd %f25, %f19
****  Error:Illegal operands
 829 ???? 00000000 		 fcmpd %f25, %f20
****  Error:Illegal operands
 830 ???? 00000000 		 fcmpd %f25, %f21
****  Error:Illegal operands
 831 ???? 00000000 		 fcmpd %f25, %f22
****  Error:Illegal operands
 832 ???? 00000000 		 fcmpd %f25, %f23
****  Error:Illegal operands
 833 ???? 00000000 		 fcmpd %f25, %f24
****  Error:Illegal operands
 834 ???? 00000000 		 fcmpd %f25, %f25
****  Error:Illegal operands
 835 ???? 00000000 		 fcmpd %f25, %f26
****  Error:Illegal operands
 836 ???? 00000000 		 fcmpd %f25, %f27
****  Error:Illegal operands
 837 ???? 00000000 		 fcmpd %f25, %f28
****  Error:Illegal operands
 838 ???? 00000000 		 fcmpd %f25, %f29
****  Error:Illegal operands
 839 ???? 00000000 		 fcmpd %f25, %f30
****  Error:Illegal operands
 840 ???? 00000000 		 fcmpd %f25, %f31
****  Error:Illegal operands
 841 ???? 81AE8A40 		 fcmpd %f26, %f0
 842 ???? 00000000 		 fcmpd %f26, %f1
****  Error:Illegal operands
 843 ???? 81AE8A42 		 fcmpd %f26, %f2
 844 ???? 00000000 		 fcmpd %f26, %f3
****  Error:Illegal operands
 845 ???? 81AE8A44 		 fcmpd %f26, %f4
 846 ???? 00000000 		 fcmpd %f26, %f5
****  Error:Illegal operands
 847 ???? 81AE8A46 		 fcmpd %f26, %f6
 848 ???? 00000000 		 fcmpd %f26, %f7
****  Error:Illegal operands
 849 ???? 81AE8A48 		 fcmpd %f26, %f8
 850 ???? 00000000 		 fcmpd %f26, %f9
****  Error:Illegal operands
 851 ???? 81AE8A4A 		 fcmpd %f26, %f10
 852 ???? 00000000 		 fcmpd %f26, %f11
****  Error:Illegal operands
 853 ???? 81AE8A4C 		 fcmpd %f26, %f12
 854 ???? 00000000 		 fcmpd %f26, %f13
****  Error:Illegal operands
 855 ???? 81AE8A4E 		 fcmpd %f26, %f14
 856 ???? 00000000 		 fcmpd %f26, %f15
****  Error:Illegal operands
 857 ???? 81AE8A50 		 fcmpd %f26, %f16
 858 ???? 00000000 		 fcmpd %f26, %f17
****  Error:Illegal operands
 859 ???? 81AE8A52 		 fcmpd %f26, %f18
 860 ???? 00000000 		 fcmpd %f26, %f19
****  Error:Illegal operands
 861 ???? 81AE8A54 		 fcmpd %f26, %f20
 862 ???? 00000000 		 fcmpd %f26, %f21
****  Error:Illegal operands
 863 ???? 81AE8A56 		 fcmpd %f26, %f22
 864 ???? 00000000 		 fcmpd %f26, %f23
****  Error:Illegal operands
 865 ???? 81AE8A58 		 fcmpd %f26, %f24
 866 ???? 00000000 		 fcmpd %f26, %f25
****  Error:Illegal operands
 867 ???? 81AE8A5A 		 fcmpd %f26, %f26
 868 ???? 00000000 		 fcmpd %f26, %f27
****  Error:Illegal operands
 869 ???? 81AE8A5C 		 fcmpd %f26, %f28
 870 ???? 00000000 		 fcmpd %f26, %f29
****  Error:Illegal operands
 871 ???? 81AE8A5E 		 fcmpd %f26, %f30
 872 ???? 00000000 		 fcmpd %f26, %f31
****  Error:Illegal operands
 873 ???? 00000000 		 fcmpd %f27, %f0
****  Error:Illegal operands
 874 ???? 00000000 		 fcmpd %f27, %f1
****  Error:Illegal operands
 875 ???? 00000000 		 fcmpd %f27, %f2
****  Error:Illegal operands
 876 ???? 00000000 		 fcmpd %f27, %f3
****  Error:Illegal operands
 877 ???? 00000000 		 fcmpd %f27, %f4
****  Error:Illegal operands
 878 ???? 00000000 		 fcmpd %f27, %f5
****  Error:Illegal operands
 879 ???? 00000000 		 fcmpd %f27, %f6
****  Error:Illegal operands
 880 ???? 00000000 		 fcmpd %f27, %f7
****  Error:Illegal operands
 881 ???? 00000000 		 fcmpd %f27, %f8
****  Error:Illegal operands
 882 ???? 00000000 		 fcmpd %f27, %f9
****  Error:Illegal operands
 883 ???? 00000000 		 fcmpd %f27, %f10
****  Error:Illegal operands
 884 ???? 00000000 		 fcmpd %f27, %f11
****  Error:Illegal operands
 885 ???? 00000000 		 fcmpd %f27, %f12
****  Error:Illegal operands
 886 ???? 00000000 		 fcmpd %f27, %f13
****  Error:Illegal operands
 887 ???? 00000000 		 fcmpd %f27, %f14
****  Error:Illegal operands
 888 ???? 00000000 		 fcmpd %f27, %f15
****  Error:Illegal operands
 889 ???? 00000000 		 fcmpd %f27, %f16
****  Error:Illegal operands
 890 ???? 00000000 		 fcmpd %f27, %f17
****  Error:Illegal operands
 891 ???? 00000000 		 fcmpd %f27, %f18
****  Error:Illegal operands
 892 ???? 00000000 		 fcmpd %f27, %f19
****  Error:Illegal operands
 893 ???? 00000000 		 fcmpd %f27, %f20
****  Error:Illegal operands
 894 ???? 00000000 		 fcmpd %f27, %f21
****  Error:Illegal operands
 895 ???? 00000000 		 fcmpd %f27, %f22
****  Error:Illegal operands
 896 ???? 00000000 		 fcmpd %f27, %f23
****  Error:Illegal operands
 897 ???? 00000000 		 fcmpd %f27, %f24
****  Error:Illegal operands
 898 ???? 00000000 		 fcmpd %f27, %f25
****  Error:Illegal operands
 899 ???? 00000000 		 fcmpd %f27, %f26
****  Error:Illegal operands
 900 ???? 00000000 		 fcmpd %f27, %f27
****  Error:Illegal operands
 901 ???? 00000000 		 fcmpd %f27, %f28
****  Error:Illegal operands
 902 ???? 00000000 		 fcmpd %f27, %f29
****  Error:Illegal operands
 903 ???? 00000000 		 fcmpd %f27, %f30
****  Error:Illegal operands
 904 ???? 00000000 		 fcmpd %f27, %f31
****  Error:Illegal operands
 905 ???? 81AF0A40 		 fcmpd %f28, %f0
 906 ???? 00000000 		 fcmpd %f28, %f1
****  Error:Illegal operands
 907 ???? 81AF0A42 		 fcmpd %f28, %f2
 908 ???? 00000000 		 fcmpd %f28, %f3
****  Error:Illegal operands
 909 ???? 81AF0A44 		 fcmpd %f28, %f4
 910 ???? 00000000 		 fcmpd %f28, %f5
****  Error:Illegal operands
 911 ???? 81AF0A46 		 fcmpd %f28, %f6
 912 ???? 00000000 		 fcmpd %f28, %f7
****  Error:Illegal operands
 913 ???? 81AF0A48 		 fcmpd %f28, %f8
 914 ???? 00000000 		 fcmpd %f28, %f9
****  Error:Illegal operands
 915 ???? 81AF0A4A 		 fcmpd %f28, %f10
 916 ???? 00000000 		 fcmpd %f28, %f11
****  Error:Illegal operands
 917 ???? 81AF0A4C 		 fcmpd %f28, %f12
 918 ???? 00000000 		 fcmpd %f28, %f13
****  Error:Illegal operands
 919 ???? 81AF0A4E 		 fcmpd %f28, %f14
 920 ???? 00000000 		 fcmpd %f28, %f15
****  Error:Illegal operands
 921 ???? 81AF0A50 		 fcmpd %f28, %f16
 922 ???? 00000000 		 fcmpd %f28, %f17
****  Error:Illegal operands
 923 ???? 81AF0A52 		 fcmpd %f28, %f18
 924 ???? 00000000 		 fcmpd %f28, %f19
****  Error:Illegal operands
 925 ???? 81AF0A54 		 fcmpd %f28, %f20
 926 ???? 00000000 		 fcmpd %f28, %f21
****  Error:Illegal operands
 927 ???? 81AF0A56 		 fcmpd %f28, %f22
 928 ???? 00000000 		 fcmpd %f28, %f23
****  Error:Illegal operands
 929 ???? 81AF0A58 		 fcmpd %f28, %f24
 930 ???? 00000000 		 fcmpd %f28, %f25
****  Error:Illegal operands
 931 ???? 81AF0A5A 		 fcmpd %f28, %f26
 932 ???? 00000000 		 fcmpd %f28, %f27
****  Error:Illegal operands
 933 ???? 81AF0A5C 		 fcmpd %f28, %f28
 934 ???? 00000000 		 fcmpd %f28, %f29
****  Error:Illegal operands
 935 ???? 81AF0A5E 		 fcmpd %f28, %f30
 936 ???? 00000000 		 fcmpd %f28, %f31
****  Error:Illegal operands
 937 ???? 00000000 		 fcmpd %f29, %f0
****  Error:Illegal operands
 938 ???? 00000000 		 fcmpd %f29, %f1
****  Error:Illegal operands
 939 ???? 00000000 		 fcmpd %f29, %f2
****  Error:Illegal operands
 940 ???? 00000000 		 fcmpd %f29, %f3
****  Error:Illegal operands
 941 ???? 00000000 		 fcmpd %f29, %f4
****  Error:Illegal operands
 942 ???? 00000000 		 fcmpd %f29, %f5
****  Error:Illegal operands
 943 ???? 00000000 		 fcmpd %f29, %f6
****  Error:Illegal operands
 944 ???? 00000000 		 fcmpd %f29, %f7
****  Error:Illegal operands
 945 ???? 00000000 		 fcmpd %f29, %f8
****  Error:Illegal operands
 946 ???? 00000000 		 fcmpd %f29, %f9
****  Error:Illegal operands
 947 ???? 00000000 		 fcmpd %f29, %f10
****  Error:Illegal operands
 948 ???? 00000000 		 fcmpd %f29, %f11
****  Error:Illegal operands
 949 ???? 00000000 		 fcmpd %f29, %f12
****  Error:Illegal operands
 950 ???? 00000000 		 fcmpd %f29, %f13
****  Error:Illegal operands
 951 ???? 00000000 		 fcmpd %f29, %f14
****  Error:Illegal operands
 952 ???? 00000000 		 fcmpd %f29, %f15
****  Error:Illegal operands
 953 ???? 00000000 		 fcmpd %f29, %f16
****  Error:Illegal operands
 954 ???? 00000000 		 fcmpd %f29, %f17
****  Error:Illegal operands
 955 ???? 00000000 		 fcmpd %f29, %f18
****  Error:Illegal operands
 956 ???? 00000000 		 fcmpd %f29, %f19
****  Error:Illegal operands
 957 ???? 00000000 		 fcmpd %f29, %f20
****  Error:Illegal operands
 958 ???? 00000000 		 fcmpd %f29, %f21
****  Error:Illegal operands
 959 ???? 00000000 		 fcmpd %f29, %f22
****  Error:Illegal operands
 960 ???? 00000000 		 fcmpd %f29, %f23
****  Error:Illegal operands
 961 ???? 00000000 		 fcmpd %f29, %f24
****  Error:Illegal operands
 962 ???? 00000000 		 fcmpd %f29, %f25
****  Error:Illegal operands
 963 ???? 00000000 		 fcmpd %f29, %f26
****  Error:Illegal operands
 964 ???? 00000000 		 fcmpd %f29, %f27
****  Error:Illegal operands
 965 ???? 00000000 		 fcmpd %f29, %f28
****  Error:Illegal operands
 966 ???? 00000000 		 fcmpd %f29, %f29
****  Error:Illegal operands
 967 ???? 00000000 		 fcmpd %f29, %f30
****  Error:Illegal operands
 968 ???? 00000000 		 fcmpd %f29, %f31
****  Error:Illegal operands
 969 ???? 81AF8A40 		 fcmpd %f30, %f0
 970 ???? 00000000 		 fcmpd %f30, %f1
****  Error:Illegal operands
 971 ???? 81AF8A42 		 fcmpd %f30, %f2
 972 ???? 00000000 		 fcmpd %f30, %f3
****  Error:Illegal operands
 973 ???? 81AF8A44 		 fcmpd %f30, %f4
 974 ???? 00000000 		 fcmpd %f30, %f5
****  Error:Illegal operands
 975 ???? 81AF8A46 		 fcmpd %f30, %f6
 976 ???? 00000000 		 fcmpd %f30, %f7
****  Error:Illegal operands
 977 ???? 81AF8A48 		 fcmpd %f30, %f8
 978 ???? 00000000 		 fcmpd %f30, %f9
****  Error:Illegal operands
 979 ???? 81AF8A4A 		 fcmpd %f30, %f10
 980 ???? 00000000 		 fcmpd %f30, %f11
****  Error:Illegal operands
 981 ???? 81AF8A4C 		 fcmpd %f30, %f12
 982 ???? 00000000 		 fcmpd %f30, %f13
****  Error:Illegal operands
 983 ???? 81AF8A4E 		 fcmpd %f30, %f14
 984 ???? 00000000 		 fcmpd %f30, %f15
****  Error:Illegal operands
 985 ???? 81AF8A50 		 fcmpd %f30, %f16
 986 ???? 00000000 		 fcmpd %f30, %f17
****  Error:Illegal operands
 987 ???? 81AF8A52 		 fcmpd %f30, %f18
 988 ???? 00000000 		 fcmpd %f30, %f19
****  Error:Illegal operands
 989 ???? 81AF8A54 		 fcmpd %f30, %f20
 990 ???? 00000000 		 fcmpd %f30, %f21
****  Error:Illegal operands
 991 ???? 81AF8A56 		 fcmpd %f30, %f22
 992 ???? 00000000 		 fcmpd %f30, %f23
****  Error:Illegal operands
 993 ???? 81AF8A58 		 fcmpd %f30, %f24
 994 ???? 00000000 		 fcmpd %f30, %f25
****  Error:Illegal operands
 995 ???? 81AF8A5A 		 fcmpd %f30, %f26
 996 ???? 00000000 		 fcmpd %f30, %f27
****  Error:Illegal operands
 997 ???? 81AF8A5C 		 fcmpd %f30, %f28
 998 ???? 00000000 		 fcmpd %f30, %f29
****  Error:Illegal operands
 999 ???? 81AF8A5E 		 fcmpd %f30, %f30
 1000 ???? 00000000 		 fcmpd %f30, %f31
****  Error:Illegal operands
 1001 ???? 00000000 		 fcmpd %f31, %f0
****  Error:Illegal operands
 1002 ???? 00000000 		 fcmpd %f31, %f1
****  Error:Illegal operands
 1003 ???? 00000000 		 fcmpd %f31, %f2
****  Error:Illegal operands
 1004 ???? 00000000 		 fcmpd %f31, %f3
****  Error:Illegal operands
 1005 ???? 00000000 		 fcmpd %f31, %f4
****  Error:Illegal operands
 1006 ???? 00000000 		 fcmpd %f31, %f5
****  Error:Illegal operands
 1007 ???? 00000000 		 fcmpd %f31, %f6
****  Error:Illegal operands
 1008 ???? 00000000 		 fcmpd %f31, %f7
****  Error:Illegal operands
 1009 ???? 00000000 		 fcmpd %f31, %f8
****  Error:Illegal operands
 1010 ???? 00000000 		 fcmpd %f31, %f9
****  Error:Illegal operands
 1011 ???? 00000000 		 fcmpd %f31, %f10
****  Error:Illegal operands
 1012 ???? 00000000 		 fcmpd %f31, %f11
****  Error:Illegal operands
 1013 ???? 00000000 		 fcmpd %f31, %f12
****  Error:Illegal operands
 1014 ???? 00000000 		 fcmpd %f31, %f13
****  Error:Illegal operands
 1015 ???? 00000000 		 fcmpd %f31, %f14
****  Error:Illegal operands
 1016 ???? 00000000 		 fcmpd %f31, %f15
****  Error:Illegal operands
 1017 ???? 00000000 		 fcmpd %f31, %f16
****  Error:Illegal operands
 1018 ???? 00000000 		 fcmpd %f31, %f17
****  Error:Illegal operands
 1019 ???? 00000000 		 fcmpd %f31, %f18
****  Error:Illegal operands
 1020 ???? 00000000 		 fcmpd %f31, %f19
****  Error:Illegal operands
 1021 ???? 00000000 		 fcmpd %f31, %f20
****  Error:Illegal operands
 1022 ???? 00000000 		 fcmpd %f31, %f21
****  Error:Illegal operands
 1023 ???? 00000000 		 fcmpd %f31, %f22
****  Error:Illegal operands
 1024 ???? 00000000 		 fcmpd %f31, %f23
****  Error:Illegal operands
 1025 ???? 00000000 		 fcmpd %f31, %f24
****  Error:Illegal operands
 1026 ???? 00000000 		 fcmpd %f31, %f25
****  Error:Illegal operands
 1027 ???? 00000000 		 fcmpd %f31, %f26
****  Error:Illegal operands
 1028 ???? 00000000 		 fcmpd %f31, %f27
****  Error:Illegal operands
 1029 ???? 00000000 		 fcmpd %f31, %f28
****  Error:Illegal operands
 1030 ???? 00000000 		 fcmpd %f31, %f29
****  Error:Illegal operands
 1031 ???? 00000000 		 fcmpd %f31, %f30
****  Error:Illegal operands
 1032 ???? 00000000 		 fcmpd %f31, %f31
****  Error:Illegal operands
 1033 ???? 01000000 	        nop
 1034              	        .ident  "GCC: (Buildroot 2014.08) 4.7.4"
 1035              	        .section  .note.GNU-stack,"",@progbits
DEFINED SYMBOLS
                            *ABS*:0000000000000000 .
/lindata/My-work/Professional/iitb/development/isa-v2-branch/ajit-toolchain/as-dis-test/asmgen/runs/Sunday-March-14-2021-22-26-53/asms/fcmpd.s:7      .text:0000000000000000 main

NO UNDEFINED SYMBOLS
