   1              	        .file           "."
   2              	        .section        ".text"
   3              	        .align 4
   4              	        .psize          0,200
   5              	        .global main
   6              	        .type   main, #function
   7              	main:
   8 ???? 01000000 	        nop
   9 ???? 81A01980 		 fitoq %f0, %f0
  10 ???? 81A01981 		 fitoq %f1, %f0
  11 ???? 81A01982 		 fitoq %f2, %f0
  12 ???? 81A01983 		 fitoq %f3, %f0
  13 ???? 81A01984 		 fitoq %f4, %f0
  14 ???? 81A01985 		 fitoq %f5, %f0
  15 ???? 81A01986 		 fitoq %f6, %f0
  16 ???? 81A01987 		 fitoq %f7, %f0
  17 ???? 81A01988 		 fitoq %f8, %f0
  18 ???? 81A01989 		 fitoq %f9, %f0
  19 ???? 81A0198A 		 fitoq %f10, %f0
  20 ???? 81A0198B 		 fitoq %f11, %f0
  21 ???? 81A0198C 		 fitoq %f12, %f0
  22 ???? 81A0198D 		 fitoq %f13, %f0
  23 ???? 81A0198E 		 fitoq %f14, %f0
  24 ???? 81A0198F 		 fitoq %f15, %f0
  25 ???? 81A01990 		 fitoq %f16, %f0
  26 ???? 81A01991 		 fitoq %f17, %f0
  27 ???? 81A01992 		 fitoq %f18, %f0
  28 ???? 81A01993 		 fitoq %f19, %f0
  29 ???? 81A01994 		 fitoq %f20, %f0
  30 ???? 81A01995 		 fitoq %f21, %f0
  31 ???? 81A01996 		 fitoq %f22, %f0
  32 ???? 81A01997 		 fitoq %f23, %f0
  33 ???? 81A01998 		 fitoq %f24, %f0
  34 ???? 81A01999 		 fitoq %f25, %f0
  35 ???? 81A0199A 		 fitoq %f26, %f0
  36 ???? 81A0199B 		 fitoq %f27, %f0
  37 ???? 81A0199C 		 fitoq %f28, %f0
  38 ???? 81A0199D 		 fitoq %f29, %f0
  39 ???? 81A0199E 		 fitoq %f30, %f0
  40 ???? 81A0199F 		 fitoq %f31, %f0
  41 ???? 00000000 		 fitoq %f0, %f1
****  Error:Illegal operands
  42 ???? 00000000 		 fitoq %f1, %f1
****  Error:Illegal operands
  43 ???? 00000000 		 fitoq %f2, %f1
****  Error:Illegal operands
  44 ???? 00000000 		 fitoq %f3, %f1
****  Error:Illegal operands
  45 ???? 00000000 		 fitoq %f4, %f1
****  Error:Illegal operands
  46 ???? 00000000 		 fitoq %f5, %f1
****  Error:Illegal operands
  47 ???? 00000000 		 fitoq %f6, %f1
****  Error:Illegal operands
  48 ???? 00000000 		 fitoq %f7, %f1
****  Error:Illegal operands
  49 ???? 00000000 		 fitoq %f8, %f1
****  Error:Illegal operands
  50 ???? 00000000 		 fitoq %f9, %f1
****  Error:Illegal operands
  51 ???? 00000000 		 fitoq %f10, %f1
****  Error:Illegal operands
  52 ???? 00000000 		 fitoq %f11, %f1
****  Error:Illegal operands
  53 ???? 00000000 		 fitoq %f12, %f1
****  Error:Illegal operands
  54 ???? 00000000 		 fitoq %f13, %f1
****  Error:Illegal operands
  55 ???? 00000000 		 fitoq %f14, %f1
****  Error:Illegal operands
  56 ???? 00000000 		 fitoq %f15, %f1
****  Error:Illegal operands
  57 ???? 00000000 		 fitoq %f16, %f1
****  Error:Illegal operands
  58 ???? 00000000 		 fitoq %f17, %f1
****  Error:Illegal operands
  59 ???? 00000000 		 fitoq %f18, %f1
****  Error:Illegal operands
  60 ???? 00000000 		 fitoq %f19, %f1
****  Error:Illegal operands
  61 ???? 00000000 		 fitoq %f20, %f1
****  Error:Illegal operands
  62 ???? 00000000 		 fitoq %f21, %f1
****  Error:Illegal operands
  63 ???? 00000000 		 fitoq %f22, %f1
****  Error:Illegal operands
  64 ???? 00000000 		 fitoq %f23, %f1
****  Error:Illegal operands
  65 ???? 00000000 		 fitoq %f24, %f1
****  Error:Illegal operands
  66 ???? 00000000 		 fitoq %f25, %f1
****  Error:Illegal operands
  67 ???? 00000000 		 fitoq %f26, %f1
****  Error:Illegal operands
  68 ???? 00000000 		 fitoq %f27, %f1
****  Error:Illegal operands
  69 ???? 00000000 		 fitoq %f28, %f1
****  Error:Illegal operands
  70 ???? 00000000 		 fitoq %f29, %f1
****  Error:Illegal operands
  71 ???? 00000000 		 fitoq %f30, %f1
****  Error:Illegal operands
  72 ???? 00000000 		 fitoq %f31, %f1
****  Error:Illegal operands
  73 ???? 00000000 		 fitoq %f0, %f2
****  Error:Illegal operands
  74 ???? 00000000 		 fitoq %f1, %f2
****  Error:Illegal operands
  75 ???? 00000000 		 fitoq %f2, %f2
****  Error:Illegal operands
  76 ???? 00000000 		 fitoq %f3, %f2
****  Error:Illegal operands
  77 ???? 00000000 		 fitoq %f4, %f2
****  Error:Illegal operands
  78 ???? 00000000 		 fitoq %f5, %f2
****  Error:Illegal operands
  79 ???? 00000000 		 fitoq %f6, %f2
****  Error:Illegal operands
  80 ???? 00000000 		 fitoq %f7, %f2
****  Error:Illegal operands
  81 ???? 00000000 		 fitoq %f8, %f2
****  Error:Illegal operands
  82 ???? 00000000 		 fitoq %f9, %f2
****  Error:Illegal operands
  83 ???? 00000000 		 fitoq %f10, %f2
****  Error:Illegal operands
  84 ???? 00000000 		 fitoq %f11, %f2
****  Error:Illegal operands
  85 ???? 00000000 		 fitoq %f12, %f2
****  Error:Illegal operands
  86 ???? 00000000 		 fitoq %f13, %f2
****  Error:Illegal operands
  87 ???? 00000000 		 fitoq %f14, %f2
****  Error:Illegal operands
  88 ???? 00000000 		 fitoq %f15, %f2
****  Error:Illegal operands
  89 ???? 00000000 		 fitoq %f16, %f2
****  Error:Illegal operands
  90 ???? 00000000 		 fitoq %f17, %f2
****  Error:Illegal operands
  91 ???? 00000000 		 fitoq %f18, %f2
****  Error:Illegal operands
  92 ???? 00000000 		 fitoq %f19, %f2
****  Error:Illegal operands
  93 ???? 00000000 		 fitoq %f20, %f2
****  Error:Illegal operands
  94 ???? 00000000 		 fitoq %f21, %f2
****  Error:Illegal operands
  95 ???? 00000000 		 fitoq %f22, %f2
****  Error:Illegal operands
  96 ???? 00000000 		 fitoq %f23, %f2
****  Error:Illegal operands
  97 ???? 00000000 		 fitoq %f24, %f2
****  Error:Illegal operands
  98 ???? 00000000 		 fitoq %f25, %f2
****  Error:Illegal operands
  99 ???? 00000000 		 fitoq %f26, %f2
****  Error:Illegal operands
 100 ???? 00000000 		 fitoq %f27, %f2
****  Error:Illegal operands
 101 ???? 00000000 		 fitoq %f28, %f2
****  Error:Illegal operands
 102 ???? 00000000 		 fitoq %f29, %f2
****  Error:Illegal operands
 103 ???? 00000000 		 fitoq %f30, %f2
****  Error:Illegal operands
 104 ???? 00000000 		 fitoq %f31, %f2
****  Error:Illegal operands
 105 ???? 00000000 		 fitoq %f0, %f3
****  Error:Illegal operands
 106 ???? 00000000 		 fitoq %f1, %f3
****  Error:Illegal operands
 107 ???? 00000000 		 fitoq %f2, %f3
****  Error:Illegal operands
 108 ???? 00000000 		 fitoq %f3, %f3
****  Error:Illegal operands
 109 ???? 00000000 		 fitoq %f4, %f3
****  Error:Illegal operands
 110 ???? 00000000 		 fitoq %f5, %f3
****  Error:Illegal operands
 111 ???? 00000000 		 fitoq %f6, %f3
****  Error:Illegal operands
 112 ???? 00000000 		 fitoq %f7, %f3
****  Error:Illegal operands
 113 ???? 00000000 		 fitoq %f8, %f3
****  Error:Illegal operands
 114 ???? 00000000 		 fitoq %f9, %f3
****  Error:Illegal operands
 115 ???? 00000000 		 fitoq %f10, %f3
****  Error:Illegal operands
 116 ???? 00000000 		 fitoq %f11, %f3
****  Error:Illegal operands
 117 ???? 00000000 		 fitoq %f12, %f3
****  Error:Illegal operands
 118 ???? 00000000 		 fitoq %f13, %f3
****  Error:Illegal operands
 119 ???? 00000000 		 fitoq %f14, %f3
****  Error:Illegal operands
 120 ???? 00000000 		 fitoq %f15, %f3
****  Error:Illegal operands
 121 ???? 00000000 		 fitoq %f16, %f3
****  Error:Illegal operands
 122 ???? 00000000 		 fitoq %f17, %f3
****  Error:Illegal operands
 123 ???? 00000000 		 fitoq %f18, %f3
****  Error:Illegal operands
 124 ???? 00000000 		 fitoq %f19, %f3
****  Error:Illegal operands
 125 ???? 00000000 		 fitoq %f20, %f3
****  Error:Illegal operands
 126 ???? 00000000 		 fitoq %f21, %f3
****  Error:Illegal operands
 127 ???? 00000000 		 fitoq %f22, %f3
****  Error:Illegal operands
 128 ???? 00000000 		 fitoq %f23, %f3
****  Error:Illegal operands
 129 ???? 00000000 		 fitoq %f24, %f3
****  Error:Illegal operands
 130 ???? 00000000 		 fitoq %f25, %f3
****  Error:Illegal operands
 131 ???? 00000000 		 fitoq %f26, %f3
****  Error:Illegal operands
 132 ???? 00000000 		 fitoq %f27, %f3
****  Error:Illegal operands
 133 ???? 00000000 		 fitoq %f28, %f3
****  Error:Illegal operands
 134 ???? 00000000 		 fitoq %f29, %f3
****  Error:Illegal operands
 135 ???? 00000000 		 fitoq %f30, %f3
****  Error:Illegal operands
 136 ???? 00000000 		 fitoq %f31, %f3
****  Error:Illegal operands
 137 ???? 89A01980 		 fitoq %f0, %f4
 138 ???? 89A01981 		 fitoq %f1, %f4
 139 ???? 89A01982 		 fitoq %f2, %f4
 140 ???? 89A01983 		 fitoq %f3, %f4
 141 ???? 89A01984 		 fitoq %f4, %f4
 142 ???? 89A01985 		 fitoq %f5, %f4
 143 ???? 89A01986 		 fitoq %f6, %f4
 144 ???? 89A01987 		 fitoq %f7, %f4
 145 ???? 89A01988 		 fitoq %f8, %f4
 146 ???? 89A01989 		 fitoq %f9, %f4
 147 ???? 89A0198A 		 fitoq %f10, %f4
 148 ???? 89A0198B 		 fitoq %f11, %f4
 149 ???? 89A0198C 		 fitoq %f12, %f4
 150 ???? 89A0198D 		 fitoq %f13, %f4
 151 ???? 89A0198E 		 fitoq %f14, %f4
 152 ???? 89A0198F 		 fitoq %f15, %f4
 153 ???? 89A01990 		 fitoq %f16, %f4
 154 ???? 89A01991 		 fitoq %f17, %f4
 155 ???? 89A01992 		 fitoq %f18, %f4
 156 ???? 89A01993 		 fitoq %f19, %f4
 157 ???? 89A01994 		 fitoq %f20, %f4
 158 ???? 89A01995 		 fitoq %f21, %f4
 159 ???? 89A01996 		 fitoq %f22, %f4
 160 ???? 89A01997 		 fitoq %f23, %f4
 161 ???? 89A01998 		 fitoq %f24, %f4
 162 ???? 89A01999 		 fitoq %f25, %f4
 163 ???? 89A0199A 		 fitoq %f26, %f4
 164 ???? 89A0199B 		 fitoq %f27, %f4
 165 ???? 89A0199C 		 fitoq %f28, %f4
 166 ???? 89A0199D 		 fitoq %f29, %f4
 167 ???? 89A0199E 		 fitoq %f30, %f4
 168 ???? 89A0199F 		 fitoq %f31, %f4
 169 ???? 00000000 		 fitoq %f0, %f5
****  Error:Illegal operands
 170 ???? 00000000 		 fitoq %f1, %f5
****  Error:Illegal operands
 171 ???? 00000000 		 fitoq %f2, %f5
****  Error:Illegal operands
 172 ???? 00000000 		 fitoq %f3, %f5
****  Error:Illegal operands
 173 ???? 00000000 		 fitoq %f4, %f5
****  Error:Illegal operands
 174 ???? 00000000 		 fitoq %f5, %f5
****  Error:Illegal operands
 175 ???? 00000000 		 fitoq %f6, %f5
****  Error:Illegal operands
 176 ???? 00000000 		 fitoq %f7, %f5
****  Error:Illegal operands
 177 ???? 00000000 		 fitoq %f8, %f5
****  Error:Illegal operands
 178 ???? 00000000 		 fitoq %f9, %f5
****  Error:Illegal operands
 179 ???? 00000000 		 fitoq %f10, %f5
****  Error:Illegal operands
 180 ???? 00000000 		 fitoq %f11, %f5
****  Error:Illegal operands
 181 ???? 00000000 		 fitoq %f12, %f5
****  Error:Illegal operands
 182 ???? 00000000 		 fitoq %f13, %f5
****  Error:Illegal operands
 183 ???? 00000000 		 fitoq %f14, %f5
****  Error:Illegal operands
 184 ???? 00000000 		 fitoq %f15, %f5
****  Error:Illegal operands
 185 ???? 00000000 		 fitoq %f16, %f5
****  Error:Illegal operands
 186 ???? 00000000 		 fitoq %f17, %f5
****  Error:Illegal operands
 187 ???? 00000000 		 fitoq %f18, %f5
****  Error:Illegal operands
 188 ???? 00000000 		 fitoq %f19, %f5
****  Error:Illegal operands
 189 ???? 00000000 		 fitoq %f20, %f5
****  Error:Illegal operands
 190 ???? 00000000 		 fitoq %f21, %f5
****  Error:Illegal operands
 191 ???? 00000000 		 fitoq %f22, %f5
****  Error:Illegal operands
 192 ???? 00000000 		 fitoq %f23, %f5
****  Error:Illegal operands
 193 ???? 00000000 		 fitoq %f24, %f5
****  Error:Illegal operands
 194 ???? 00000000 		 fitoq %f25, %f5
****  Error:Illegal operands
 195 ???? 00000000 		 fitoq %f26, %f5
****  Error:Illegal operands
 196 ???? 00000000 		 fitoq %f27, %f5
****  Error:Illegal operands
 197 ???? 00000000 		 fitoq %f28, %f5
****  Error:Illegal operands
 198 ???? 00000000 		 fitoq %f29, %f5
****  Error:Illegal operands
 199 ???? 00000000 		 fitoq %f30, %f5
****  Error:Illegal operands
 200 ???? 00000000 		 fitoq %f31, %f5
****  Error:Illegal operands
 201 ???? 00000000 		 fitoq %f0, %f6
****  Error:Illegal operands
 202 ???? 00000000 		 fitoq %f1, %f6
****  Error:Illegal operands
 203 ???? 00000000 		 fitoq %f2, %f6
****  Error:Illegal operands
 204 ???? 00000000 		 fitoq %f3, %f6
****  Error:Illegal operands
 205 ???? 00000000 		 fitoq %f4, %f6
****  Error:Illegal operands
 206 ???? 00000000 		 fitoq %f5, %f6
****  Error:Illegal operands
 207 ???? 00000000 		 fitoq %f6, %f6
****  Error:Illegal operands
 208 ???? 00000000 		 fitoq %f7, %f6
****  Error:Illegal operands
 209 ???? 00000000 		 fitoq %f8, %f6
****  Error:Illegal operands
 210 ???? 00000000 		 fitoq %f9, %f6
****  Error:Illegal operands
 211 ???? 00000000 		 fitoq %f10, %f6
****  Error:Illegal operands
 212 ???? 00000000 		 fitoq %f11, %f6
****  Error:Illegal operands
 213 ???? 00000000 		 fitoq %f12, %f6
****  Error:Illegal operands
 214 ???? 00000000 		 fitoq %f13, %f6
****  Error:Illegal operands
 215 ???? 00000000 		 fitoq %f14, %f6
****  Error:Illegal operands
 216 ???? 00000000 		 fitoq %f15, %f6
****  Error:Illegal operands
 217 ???? 00000000 		 fitoq %f16, %f6
****  Error:Illegal operands
 218 ???? 00000000 		 fitoq %f17, %f6
****  Error:Illegal operands
 219 ???? 00000000 		 fitoq %f18, %f6
****  Error:Illegal operands
 220 ???? 00000000 		 fitoq %f19, %f6
****  Error:Illegal operands
 221 ???? 00000000 		 fitoq %f20, %f6
****  Error:Illegal operands
 222 ???? 00000000 		 fitoq %f21, %f6
****  Error:Illegal operands
 223 ???? 00000000 		 fitoq %f22, %f6
****  Error:Illegal operands
 224 ???? 00000000 		 fitoq %f23, %f6
****  Error:Illegal operands
 225 ???? 00000000 		 fitoq %f24, %f6
****  Error:Illegal operands
 226 ???? 00000000 		 fitoq %f25, %f6
****  Error:Illegal operands
 227 ???? 00000000 		 fitoq %f26, %f6
****  Error:Illegal operands
 228 ???? 00000000 		 fitoq %f27, %f6
****  Error:Illegal operands
 229 ???? 00000000 		 fitoq %f28, %f6
****  Error:Illegal operands
 230 ???? 00000000 		 fitoq %f29, %f6
****  Error:Illegal operands
 231 ???? 00000000 		 fitoq %f30, %f6
****  Error:Illegal operands
 232 ???? 00000000 		 fitoq %f31, %f6
****  Error:Illegal operands
 233 ???? 00000000 		 fitoq %f0, %f7
****  Error:Illegal operands
 234 ???? 00000000 		 fitoq %f1, %f7
****  Error:Illegal operands
 235 ???? 00000000 		 fitoq %f2, %f7
****  Error:Illegal operands
 236 ???? 00000000 		 fitoq %f3, %f7
****  Error:Illegal operands
 237 ???? 00000000 		 fitoq %f4, %f7
****  Error:Illegal operands
 238 ???? 00000000 		 fitoq %f5, %f7
****  Error:Illegal operands
 239 ???? 00000000 		 fitoq %f6, %f7
****  Error:Illegal operands
 240 ???? 00000000 		 fitoq %f7, %f7
****  Error:Illegal operands
 241 ???? 00000000 		 fitoq %f8, %f7
****  Error:Illegal operands
 242 ???? 00000000 		 fitoq %f9, %f7
****  Error:Illegal operands
 243 ???? 00000000 		 fitoq %f10, %f7
****  Error:Illegal operands
 244 ???? 00000000 		 fitoq %f11, %f7
****  Error:Illegal operands
 245 ???? 00000000 		 fitoq %f12, %f7
****  Error:Illegal operands
 246 ???? 00000000 		 fitoq %f13, %f7
****  Error:Illegal operands
 247 ???? 00000000 		 fitoq %f14, %f7
****  Error:Illegal operands
 248 ???? 00000000 		 fitoq %f15, %f7
****  Error:Illegal operands
 249 ???? 00000000 		 fitoq %f16, %f7
****  Error:Illegal operands
 250 ???? 00000000 		 fitoq %f17, %f7
****  Error:Illegal operands
 251 ???? 00000000 		 fitoq %f18, %f7
****  Error:Illegal operands
 252 ???? 00000000 		 fitoq %f19, %f7
****  Error:Illegal operands
 253 ???? 00000000 		 fitoq %f20, %f7
****  Error:Illegal operands
 254 ???? 00000000 		 fitoq %f21, %f7
****  Error:Illegal operands
 255 ???? 00000000 		 fitoq %f22, %f7
****  Error:Illegal operands
 256 ???? 00000000 		 fitoq %f23, %f7
****  Error:Illegal operands
 257 ???? 00000000 		 fitoq %f24, %f7
****  Error:Illegal operands
 258 ???? 00000000 		 fitoq %f25, %f7
****  Error:Illegal operands
 259 ???? 00000000 		 fitoq %f26, %f7
****  Error:Illegal operands
 260 ???? 00000000 		 fitoq %f27, %f7
****  Error:Illegal operands
 261 ???? 00000000 		 fitoq %f28, %f7
****  Error:Illegal operands
 262 ???? 00000000 		 fitoq %f29, %f7
****  Error:Illegal operands
 263 ???? 00000000 		 fitoq %f30, %f7
****  Error:Illegal operands
 264 ???? 00000000 		 fitoq %f31, %f7
****  Error:Illegal operands
 265 ???? 91A01980 		 fitoq %f0, %f8
 266 ???? 91A01981 		 fitoq %f1, %f8
 267 ???? 91A01982 		 fitoq %f2, %f8
 268 ???? 91A01983 		 fitoq %f3, %f8
 269 ???? 91A01984 		 fitoq %f4, %f8
 270 ???? 91A01985 		 fitoq %f5, %f8
 271 ???? 91A01986 		 fitoq %f6, %f8
 272 ???? 91A01987 		 fitoq %f7, %f8
 273 ???? 91A01988 		 fitoq %f8, %f8
 274 ???? 91A01989 		 fitoq %f9, %f8
 275 ???? 91A0198A 		 fitoq %f10, %f8
 276 ???? 91A0198B 		 fitoq %f11, %f8
 277 ???? 91A0198C 		 fitoq %f12, %f8
 278 ???? 91A0198D 		 fitoq %f13, %f8
 279 ???? 91A0198E 		 fitoq %f14, %f8
 280 ???? 91A0198F 		 fitoq %f15, %f8
 281 ???? 91A01990 		 fitoq %f16, %f8
 282 ???? 91A01991 		 fitoq %f17, %f8
 283 ???? 91A01992 		 fitoq %f18, %f8
 284 ???? 91A01993 		 fitoq %f19, %f8
 285 ???? 91A01994 		 fitoq %f20, %f8
 286 ???? 91A01995 		 fitoq %f21, %f8
 287 ???? 91A01996 		 fitoq %f22, %f8
 288 ???? 91A01997 		 fitoq %f23, %f8
 289 ???? 91A01998 		 fitoq %f24, %f8
 290 ???? 91A01999 		 fitoq %f25, %f8
 291 ???? 91A0199A 		 fitoq %f26, %f8
 292 ???? 91A0199B 		 fitoq %f27, %f8
 293 ???? 91A0199C 		 fitoq %f28, %f8
 294 ???? 91A0199D 		 fitoq %f29, %f8
 295 ???? 91A0199E 		 fitoq %f30, %f8
 296 ???? 91A0199F 		 fitoq %f31, %f8
 297 ???? 00000000 		 fitoq %f0, %f9
****  Error:Illegal operands
 298 ???? 00000000 		 fitoq %f1, %f9
****  Error:Illegal operands
 299 ???? 00000000 		 fitoq %f2, %f9
****  Error:Illegal operands
 300 ???? 00000000 		 fitoq %f3, %f9
****  Error:Illegal operands
 301 ???? 00000000 		 fitoq %f4, %f9
****  Error:Illegal operands
 302 ???? 00000000 		 fitoq %f5, %f9
****  Error:Illegal operands
 303 ???? 00000000 		 fitoq %f6, %f9
****  Error:Illegal operands
 304 ???? 00000000 		 fitoq %f7, %f9
****  Error:Illegal operands
 305 ???? 00000000 		 fitoq %f8, %f9
****  Error:Illegal operands
 306 ???? 00000000 		 fitoq %f9, %f9
****  Error:Illegal operands
 307 ???? 00000000 		 fitoq %f10, %f9
****  Error:Illegal operands
 308 ???? 00000000 		 fitoq %f11, %f9
****  Error:Illegal operands
 309 ???? 00000000 		 fitoq %f12, %f9
****  Error:Illegal operands
 310 ???? 00000000 		 fitoq %f13, %f9
****  Error:Illegal operands
 311 ???? 00000000 		 fitoq %f14, %f9
****  Error:Illegal operands
 312 ???? 00000000 		 fitoq %f15, %f9
****  Error:Illegal operands
 313 ???? 00000000 		 fitoq %f16, %f9
****  Error:Illegal operands
 314 ???? 00000000 		 fitoq %f17, %f9
****  Error:Illegal operands
 315 ???? 00000000 		 fitoq %f18, %f9
****  Error:Illegal operands
 316 ???? 00000000 		 fitoq %f19, %f9
****  Error:Illegal operands
 317 ???? 00000000 		 fitoq %f20, %f9
****  Error:Illegal operands
 318 ???? 00000000 		 fitoq %f21, %f9
****  Error:Illegal operands
 319 ???? 00000000 		 fitoq %f22, %f9
****  Error:Illegal operands
 320 ???? 00000000 		 fitoq %f23, %f9
****  Error:Illegal operands
 321 ???? 00000000 		 fitoq %f24, %f9
****  Error:Illegal operands
 322 ???? 00000000 		 fitoq %f25, %f9
****  Error:Illegal operands
 323 ???? 00000000 		 fitoq %f26, %f9
****  Error:Illegal operands
 324 ???? 00000000 		 fitoq %f27, %f9
****  Error:Illegal operands
 325 ???? 00000000 		 fitoq %f28, %f9
****  Error:Illegal operands
 326 ???? 00000000 		 fitoq %f29, %f9
****  Error:Illegal operands
 327 ???? 00000000 		 fitoq %f30, %f9
****  Error:Illegal operands
 328 ???? 00000000 		 fitoq %f31, %f9
****  Error:Illegal operands
 329 ???? 00000000 		 fitoq %f0, %f10
****  Error:Illegal operands
 330 ???? 00000000 		 fitoq %f1, %f10
****  Error:Illegal operands
 331 ???? 00000000 		 fitoq %f2, %f10
****  Error:Illegal operands
 332 ???? 00000000 		 fitoq %f3, %f10
****  Error:Illegal operands
 333 ???? 00000000 		 fitoq %f4, %f10
****  Error:Illegal operands
 334 ???? 00000000 		 fitoq %f5, %f10
****  Error:Illegal operands
 335 ???? 00000000 		 fitoq %f6, %f10
****  Error:Illegal operands
 336 ???? 00000000 		 fitoq %f7, %f10
****  Error:Illegal operands
 337 ???? 00000000 		 fitoq %f8, %f10
****  Error:Illegal operands
 338 ???? 00000000 		 fitoq %f9, %f10
****  Error:Illegal operands
 339 ???? 00000000 		 fitoq %f10, %f10
****  Error:Illegal operands
 340 ???? 00000000 		 fitoq %f11, %f10
****  Error:Illegal operands
 341 ???? 00000000 		 fitoq %f12, %f10
****  Error:Illegal operands
 342 ???? 00000000 		 fitoq %f13, %f10
****  Error:Illegal operands
 343 ???? 00000000 		 fitoq %f14, %f10
****  Error:Illegal operands
 344 ???? 00000000 		 fitoq %f15, %f10
****  Error:Illegal operands
 345 ???? 00000000 		 fitoq %f16, %f10
****  Error:Illegal operands
 346 ???? 00000000 		 fitoq %f17, %f10
****  Error:Illegal operands
 347 ???? 00000000 		 fitoq %f18, %f10
****  Error:Illegal operands
 348 ???? 00000000 		 fitoq %f19, %f10
****  Error:Illegal operands
 349 ???? 00000000 		 fitoq %f20, %f10
****  Error:Illegal operands
 350 ???? 00000000 		 fitoq %f21, %f10
****  Error:Illegal operands
 351 ???? 00000000 		 fitoq %f22, %f10
****  Error:Illegal operands
 352 ???? 00000000 		 fitoq %f23, %f10
****  Error:Illegal operands
 353 ???? 00000000 		 fitoq %f24, %f10
****  Error:Illegal operands
 354 ???? 00000000 		 fitoq %f25, %f10
****  Error:Illegal operands
 355 ???? 00000000 		 fitoq %f26, %f10
****  Error:Illegal operands
 356 ???? 00000000 		 fitoq %f27, %f10
****  Error:Illegal operands
 357 ???? 00000000 		 fitoq %f28, %f10
****  Error:Illegal operands
 358 ???? 00000000 		 fitoq %f29, %f10
****  Error:Illegal operands
 359 ???? 00000000 		 fitoq %f30, %f10
****  Error:Illegal operands
 360 ???? 00000000 		 fitoq %f31, %f10
****  Error:Illegal operands
 361 ???? 00000000 		 fitoq %f0, %f11
****  Error:Illegal operands
 362 ???? 00000000 		 fitoq %f1, %f11
****  Error:Illegal operands
 363 ???? 00000000 		 fitoq %f2, %f11
****  Error:Illegal operands
 364 ???? 00000000 		 fitoq %f3, %f11
****  Error:Illegal operands
 365 ???? 00000000 		 fitoq %f4, %f11
****  Error:Illegal operands
 366 ???? 00000000 		 fitoq %f5, %f11
****  Error:Illegal operands
 367 ???? 00000000 		 fitoq %f6, %f11
****  Error:Illegal operands
 368 ???? 00000000 		 fitoq %f7, %f11
****  Error:Illegal operands
 369 ???? 00000000 		 fitoq %f8, %f11
****  Error:Illegal operands
 370 ???? 00000000 		 fitoq %f9, %f11
****  Error:Illegal operands
 371 ???? 00000000 		 fitoq %f10, %f11
****  Error:Illegal operands
 372 ???? 00000000 		 fitoq %f11, %f11
****  Error:Illegal operands
 373 ???? 00000000 		 fitoq %f12, %f11
****  Error:Illegal operands
 374 ???? 00000000 		 fitoq %f13, %f11
****  Error:Illegal operands
 375 ???? 00000000 		 fitoq %f14, %f11
****  Error:Illegal operands
 376 ???? 00000000 		 fitoq %f15, %f11
****  Error:Illegal operands
 377 ???? 00000000 		 fitoq %f16, %f11
****  Error:Illegal operands
 378 ???? 00000000 		 fitoq %f17, %f11
****  Error:Illegal operands
 379 ???? 00000000 		 fitoq %f18, %f11
****  Error:Illegal operands
 380 ???? 00000000 		 fitoq %f19, %f11
****  Error:Illegal operands
 381 ???? 00000000 		 fitoq %f20, %f11
****  Error:Illegal operands
 382 ???? 00000000 		 fitoq %f21, %f11
****  Error:Illegal operands
 383 ???? 00000000 		 fitoq %f22, %f11
****  Error:Illegal operands
 384 ???? 00000000 		 fitoq %f23, %f11
****  Error:Illegal operands
 385 ???? 00000000 		 fitoq %f24, %f11
****  Error:Illegal operands
 386 ???? 00000000 		 fitoq %f25, %f11
****  Error:Illegal operands
 387 ???? 00000000 		 fitoq %f26, %f11
****  Error:Illegal operands
 388 ???? 00000000 		 fitoq %f27, %f11
****  Error:Illegal operands
 389 ???? 00000000 		 fitoq %f28, %f11
****  Error:Illegal operands
 390 ???? 00000000 		 fitoq %f29, %f11
****  Error:Illegal operands
 391 ???? 00000000 		 fitoq %f30, %f11
****  Error:Illegal operands
 392 ???? 00000000 		 fitoq %f31, %f11
****  Error:Illegal operands
 393 ???? 99A01980 		 fitoq %f0, %f12
 394 ???? 99A01981 		 fitoq %f1, %f12
 395 ???? 99A01982 		 fitoq %f2, %f12
 396 ???? 99A01983 		 fitoq %f3, %f12
 397 ???? 99A01984 		 fitoq %f4, %f12
 398 ???? 99A01985 		 fitoq %f5, %f12
 399 ???? 99A01986 		 fitoq %f6, %f12
 400 ???? 99A01987 		 fitoq %f7, %f12
 401 ???? 99A01988 		 fitoq %f8, %f12
 402 ???? 99A01989 		 fitoq %f9, %f12
 403 ???? 99A0198A 		 fitoq %f10, %f12
 404 ???? 99A0198B 		 fitoq %f11, %f12
 405 ???? 99A0198C 		 fitoq %f12, %f12
 406 ???? 99A0198D 		 fitoq %f13, %f12
 407 ???? 99A0198E 		 fitoq %f14, %f12
 408 ???? 99A0198F 		 fitoq %f15, %f12
 409 ???? 99A01990 		 fitoq %f16, %f12
 410 ???? 99A01991 		 fitoq %f17, %f12
 411 ???? 99A01992 		 fitoq %f18, %f12
 412 ???? 99A01993 		 fitoq %f19, %f12
 413 ???? 99A01994 		 fitoq %f20, %f12
 414 ???? 99A01995 		 fitoq %f21, %f12
 415 ???? 99A01996 		 fitoq %f22, %f12
 416 ???? 99A01997 		 fitoq %f23, %f12
 417 ???? 99A01998 		 fitoq %f24, %f12
 418 ???? 99A01999 		 fitoq %f25, %f12
 419 ???? 99A0199A 		 fitoq %f26, %f12
 420 ???? 99A0199B 		 fitoq %f27, %f12
 421 ???? 99A0199C 		 fitoq %f28, %f12
 422 ???? 99A0199D 		 fitoq %f29, %f12
 423 ???? 99A0199E 		 fitoq %f30, %f12
 424 ???? 99A0199F 		 fitoq %f31, %f12
 425 ???? 00000000 		 fitoq %f0, %f13
****  Error:Illegal operands
 426 ???? 00000000 		 fitoq %f1, %f13
****  Error:Illegal operands
 427 ???? 00000000 		 fitoq %f2, %f13
****  Error:Illegal operands
 428 ???? 00000000 		 fitoq %f3, %f13
****  Error:Illegal operands
 429 ???? 00000000 		 fitoq %f4, %f13
****  Error:Illegal operands
 430 ???? 00000000 		 fitoq %f5, %f13
****  Error:Illegal operands
 431 ???? 00000000 		 fitoq %f6, %f13
****  Error:Illegal operands
 432 ???? 00000000 		 fitoq %f7, %f13
****  Error:Illegal operands
 433 ???? 00000000 		 fitoq %f8, %f13
****  Error:Illegal operands
 434 ???? 00000000 		 fitoq %f9, %f13
****  Error:Illegal operands
 435 ???? 00000000 		 fitoq %f10, %f13
****  Error:Illegal operands
 436 ???? 00000000 		 fitoq %f11, %f13
****  Error:Illegal operands
 437 ???? 00000000 		 fitoq %f12, %f13
****  Error:Illegal operands
 438 ???? 00000000 		 fitoq %f13, %f13
****  Error:Illegal operands
 439 ???? 00000000 		 fitoq %f14, %f13
****  Error:Illegal operands
 440 ???? 00000000 		 fitoq %f15, %f13
****  Error:Illegal operands
 441 ???? 00000000 		 fitoq %f16, %f13
****  Error:Illegal operands
 442 ???? 00000000 		 fitoq %f17, %f13
****  Error:Illegal operands
 443 ???? 00000000 		 fitoq %f18, %f13
****  Error:Illegal operands
 444 ???? 00000000 		 fitoq %f19, %f13
****  Error:Illegal operands
 445 ???? 00000000 		 fitoq %f20, %f13
****  Error:Illegal operands
 446 ???? 00000000 		 fitoq %f21, %f13
****  Error:Illegal operands
 447 ???? 00000000 		 fitoq %f22, %f13
****  Error:Illegal operands
 448 ???? 00000000 		 fitoq %f23, %f13
****  Error:Illegal operands
 449 ???? 00000000 		 fitoq %f24, %f13
****  Error:Illegal operands
 450 ???? 00000000 		 fitoq %f25, %f13
****  Error:Illegal operands
 451 ???? 00000000 		 fitoq %f26, %f13
****  Error:Illegal operands
 452 ???? 00000000 		 fitoq %f27, %f13
****  Error:Illegal operands
 453 ???? 00000000 		 fitoq %f28, %f13
****  Error:Illegal operands
 454 ???? 00000000 		 fitoq %f29, %f13
****  Error:Illegal operands
 455 ???? 00000000 		 fitoq %f30, %f13
****  Error:Illegal operands
 456 ???? 00000000 		 fitoq %f31, %f13
****  Error:Illegal operands
 457 ???? 00000000 		 fitoq %f0, %f14
****  Error:Illegal operands
 458 ???? 00000000 		 fitoq %f1, %f14
****  Error:Illegal operands
 459 ???? 00000000 		 fitoq %f2, %f14
****  Error:Illegal operands
 460 ???? 00000000 		 fitoq %f3, %f14
****  Error:Illegal operands
 461 ???? 00000000 		 fitoq %f4, %f14
****  Error:Illegal operands
 462 ???? 00000000 		 fitoq %f5, %f14
****  Error:Illegal operands
 463 ???? 00000000 		 fitoq %f6, %f14
****  Error:Illegal operands
 464 ???? 00000000 		 fitoq %f7, %f14
****  Error:Illegal operands
 465 ???? 00000000 		 fitoq %f8, %f14
****  Error:Illegal operands
 466 ???? 00000000 		 fitoq %f9, %f14
****  Error:Illegal operands
 467 ???? 00000000 		 fitoq %f10, %f14
****  Error:Illegal operands
 468 ???? 00000000 		 fitoq %f11, %f14
****  Error:Illegal operands
 469 ???? 00000000 		 fitoq %f12, %f14
****  Error:Illegal operands
 470 ???? 00000000 		 fitoq %f13, %f14
****  Error:Illegal operands
 471 ???? 00000000 		 fitoq %f14, %f14
****  Error:Illegal operands
 472 ???? 00000000 		 fitoq %f15, %f14
****  Error:Illegal operands
 473 ???? 00000000 		 fitoq %f16, %f14
****  Error:Illegal operands
 474 ???? 00000000 		 fitoq %f17, %f14
****  Error:Illegal operands
 475 ???? 00000000 		 fitoq %f18, %f14
****  Error:Illegal operands
 476 ???? 00000000 		 fitoq %f19, %f14
****  Error:Illegal operands
 477 ???? 00000000 		 fitoq %f20, %f14
****  Error:Illegal operands
 478 ???? 00000000 		 fitoq %f21, %f14
****  Error:Illegal operands
 479 ???? 00000000 		 fitoq %f22, %f14
****  Error:Illegal operands
 480 ???? 00000000 		 fitoq %f23, %f14
****  Error:Illegal operands
 481 ???? 00000000 		 fitoq %f24, %f14
****  Error:Illegal operands
 482 ???? 00000000 		 fitoq %f25, %f14
****  Error:Illegal operands
 483 ???? 00000000 		 fitoq %f26, %f14
****  Error:Illegal operands
 484 ???? 00000000 		 fitoq %f27, %f14
****  Error:Illegal operands
 485 ???? 00000000 		 fitoq %f28, %f14
****  Error:Illegal operands
 486 ???? 00000000 		 fitoq %f29, %f14
****  Error:Illegal operands
 487 ???? 00000000 		 fitoq %f30, %f14
****  Error:Illegal operands
 488 ???? 00000000 		 fitoq %f31, %f14
****  Error:Illegal operands
 489 ???? 00000000 		 fitoq %f0, %f15
****  Error:Illegal operands
 490 ???? 00000000 		 fitoq %f1, %f15
****  Error:Illegal operands
 491 ???? 00000000 		 fitoq %f2, %f15
****  Error:Illegal operands
 492 ???? 00000000 		 fitoq %f3, %f15
****  Error:Illegal operands
 493 ???? 00000000 		 fitoq %f4, %f15
****  Error:Illegal operands
 494 ???? 00000000 		 fitoq %f5, %f15
****  Error:Illegal operands
 495 ???? 00000000 		 fitoq %f6, %f15
****  Error:Illegal operands
 496 ???? 00000000 		 fitoq %f7, %f15
****  Error:Illegal operands
 497 ???? 00000000 		 fitoq %f8, %f15
****  Error:Illegal operands
 498 ???? 00000000 		 fitoq %f9, %f15
****  Error:Illegal operands
 499 ???? 00000000 		 fitoq %f10, %f15
****  Error:Illegal operands
 500 ???? 00000000 		 fitoq %f11, %f15
****  Error:Illegal operands
 501 ???? 00000000 		 fitoq %f12, %f15
****  Error:Illegal operands
 502 ???? 00000000 		 fitoq %f13, %f15
****  Error:Illegal operands
 503 ???? 00000000 		 fitoq %f14, %f15
****  Error:Illegal operands
 504 ???? 00000000 		 fitoq %f15, %f15
****  Error:Illegal operands
 505 ???? 00000000 		 fitoq %f16, %f15
****  Error:Illegal operands
 506 ???? 00000000 		 fitoq %f17, %f15
****  Error:Illegal operands
 507 ???? 00000000 		 fitoq %f18, %f15
****  Error:Illegal operands
 508 ???? 00000000 		 fitoq %f19, %f15
****  Error:Illegal operands
 509 ???? 00000000 		 fitoq %f20, %f15
****  Error:Illegal operands
 510 ???? 00000000 		 fitoq %f21, %f15
****  Error:Illegal operands
 511 ???? 00000000 		 fitoq %f22, %f15
****  Error:Illegal operands
 512 ???? 00000000 		 fitoq %f23, %f15
****  Error:Illegal operands
 513 ???? 00000000 		 fitoq %f24, %f15
****  Error:Illegal operands
 514 ???? 00000000 		 fitoq %f25, %f15
****  Error:Illegal operands
 515 ???? 00000000 		 fitoq %f26, %f15
****  Error:Illegal operands
 516 ???? 00000000 		 fitoq %f27, %f15
****  Error:Illegal operands
 517 ???? 00000000 		 fitoq %f28, %f15
****  Error:Illegal operands
 518 ???? 00000000 		 fitoq %f29, %f15
****  Error:Illegal operands
 519 ???? 00000000 		 fitoq %f30, %f15
****  Error:Illegal operands
 520 ???? 00000000 		 fitoq %f31, %f15
****  Error:Illegal operands
 521 ???? A1A01980 		 fitoq %f0, %f16
 522 ???? A1A01981 		 fitoq %f1, %f16
 523 ???? A1A01982 		 fitoq %f2, %f16
 524 ???? A1A01983 		 fitoq %f3, %f16
 525 ???? A1A01984 		 fitoq %f4, %f16
 526 ???? A1A01985 		 fitoq %f5, %f16
 527 ???? A1A01986 		 fitoq %f6, %f16
 528 ???? A1A01987 		 fitoq %f7, %f16
 529 ???? A1A01988 		 fitoq %f8, %f16
 530 ???? A1A01989 		 fitoq %f9, %f16
 531 ???? A1A0198A 		 fitoq %f10, %f16
 532 ???? A1A0198B 		 fitoq %f11, %f16
 533 ???? A1A0198C 		 fitoq %f12, %f16
 534 ???? A1A0198D 		 fitoq %f13, %f16
 535 ???? A1A0198E 		 fitoq %f14, %f16
 536 ???? A1A0198F 		 fitoq %f15, %f16
 537 ???? A1A01990 		 fitoq %f16, %f16
 538 ???? A1A01991 		 fitoq %f17, %f16
 539 ???? A1A01992 		 fitoq %f18, %f16
 540 ???? A1A01993 		 fitoq %f19, %f16
 541 ???? A1A01994 		 fitoq %f20, %f16
 542 ???? A1A01995 		 fitoq %f21, %f16
 543 ???? A1A01996 		 fitoq %f22, %f16
 544 ???? A1A01997 		 fitoq %f23, %f16
 545 ???? A1A01998 		 fitoq %f24, %f16
 546 ???? A1A01999 		 fitoq %f25, %f16
 547 ???? A1A0199A 		 fitoq %f26, %f16
 548 ???? A1A0199B 		 fitoq %f27, %f16
 549 ???? A1A0199C 		 fitoq %f28, %f16
 550 ???? A1A0199D 		 fitoq %f29, %f16
 551 ???? A1A0199E 		 fitoq %f30, %f16
 552 ???? A1A0199F 		 fitoq %f31, %f16
 553 ???? 00000000 		 fitoq %f0, %f17
****  Error:Illegal operands
 554 ???? 00000000 		 fitoq %f1, %f17
****  Error:Illegal operands
 555 ???? 00000000 		 fitoq %f2, %f17
****  Error:Illegal operands
 556 ???? 00000000 		 fitoq %f3, %f17
****  Error:Illegal operands
 557 ???? 00000000 		 fitoq %f4, %f17
****  Error:Illegal operands
 558 ???? 00000000 		 fitoq %f5, %f17
****  Error:Illegal operands
 559 ???? 00000000 		 fitoq %f6, %f17
****  Error:Illegal operands
 560 ???? 00000000 		 fitoq %f7, %f17
****  Error:Illegal operands
 561 ???? 00000000 		 fitoq %f8, %f17
****  Error:Illegal operands
 562 ???? 00000000 		 fitoq %f9, %f17
****  Error:Illegal operands
 563 ???? 00000000 		 fitoq %f10, %f17
****  Error:Illegal operands
 564 ???? 00000000 		 fitoq %f11, %f17
****  Error:Illegal operands
 565 ???? 00000000 		 fitoq %f12, %f17
****  Error:Illegal operands
 566 ???? 00000000 		 fitoq %f13, %f17
****  Error:Illegal operands
 567 ???? 00000000 		 fitoq %f14, %f17
****  Error:Illegal operands
 568 ???? 00000000 		 fitoq %f15, %f17
****  Error:Illegal operands
 569 ???? 00000000 		 fitoq %f16, %f17
****  Error:Illegal operands
 570 ???? 00000000 		 fitoq %f17, %f17
****  Error:Illegal operands
 571 ???? 00000000 		 fitoq %f18, %f17
****  Error:Illegal operands
 572 ???? 00000000 		 fitoq %f19, %f17
****  Error:Illegal operands
 573 ???? 00000000 		 fitoq %f20, %f17
****  Error:Illegal operands
 574 ???? 00000000 		 fitoq %f21, %f17
****  Error:Illegal operands
 575 ???? 00000000 		 fitoq %f22, %f17
****  Error:Illegal operands
 576 ???? 00000000 		 fitoq %f23, %f17
****  Error:Illegal operands
 577 ???? 00000000 		 fitoq %f24, %f17
****  Error:Illegal operands
 578 ???? 00000000 		 fitoq %f25, %f17
****  Error:Illegal operands
 579 ???? 00000000 		 fitoq %f26, %f17
****  Error:Illegal operands
 580 ???? 00000000 		 fitoq %f27, %f17
****  Error:Illegal operands
 581 ???? 00000000 		 fitoq %f28, %f17
****  Error:Illegal operands
 582 ???? 00000000 		 fitoq %f29, %f17
****  Error:Illegal operands
 583 ???? 00000000 		 fitoq %f30, %f17
****  Error:Illegal operands
 584 ???? 00000000 		 fitoq %f31, %f17
****  Error:Illegal operands
 585 ???? 00000000 		 fitoq %f0, %f18
****  Error:Illegal operands
 586 ???? 00000000 		 fitoq %f1, %f18
****  Error:Illegal operands
 587 ???? 00000000 		 fitoq %f2, %f18
****  Error:Illegal operands
 588 ???? 00000000 		 fitoq %f3, %f18
****  Error:Illegal operands
 589 ???? 00000000 		 fitoq %f4, %f18
****  Error:Illegal operands
 590 ???? 00000000 		 fitoq %f5, %f18
****  Error:Illegal operands
 591 ???? 00000000 		 fitoq %f6, %f18
****  Error:Illegal operands
 592 ???? 00000000 		 fitoq %f7, %f18
****  Error:Illegal operands
 593 ???? 00000000 		 fitoq %f8, %f18
****  Error:Illegal operands
 594 ???? 00000000 		 fitoq %f9, %f18
****  Error:Illegal operands
 595 ???? 00000000 		 fitoq %f10, %f18
****  Error:Illegal operands
 596 ???? 00000000 		 fitoq %f11, %f18
****  Error:Illegal operands
 597 ???? 00000000 		 fitoq %f12, %f18
****  Error:Illegal operands
 598 ???? 00000000 		 fitoq %f13, %f18
****  Error:Illegal operands
 599 ???? 00000000 		 fitoq %f14, %f18
****  Error:Illegal operands
 600 ???? 00000000 		 fitoq %f15, %f18
****  Error:Illegal operands
 601 ???? 00000000 		 fitoq %f16, %f18
****  Error:Illegal operands
 602 ???? 00000000 		 fitoq %f17, %f18
****  Error:Illegal operands
 603 ???? 00000000 		 fitoq %f18, %f18
****  Error:Illegal operands
 604 ???? 00000000 		 fitoq %f19, %f18
****  Error:Illegal operands
 605 ???? 00000000 		 fitoq %f20, %f18
****  Error:Illegal operands
 606 ???? 00000000 		 fitoq %f21, %f18
****  Error:Illegal operands
 607 ???? 00000000 		 fitoq %f22, %f18
****  Error:Illegal operands
 608 ???? 00000000 		 fitoq %f23, %f18
****  Error:Illegal operands
 609 ???? 00000000 		 fitoq %f24, %f18
****  Error:Illegal operands
 610 ???? 00000000 		 fitoq %f25, %f18
****  Error:Illegal operands
 611 ???? 00000000 		 fitoq %f26, %f18
****  Error:Illegal operands
 612 ???? 00000000 		 fitoq %f27, %f18
****  Error:Illegal operands
 613 ???? 00000000 		 fitoq %f28, %f18
****  Error:Illegal operands
 614 ???? 00000000 		 fitoq %f29, %f18
****  Error:Illegal operands
 615 ???? 00000000 		 fitoq %f30, %f18
****  Error:Illegal operands
 616 ???? 00000000 		 fitoq %f31, %f18
****  Error:Illegal operands
 617 ???? 00000000 		 fitoq %f0, %f19
****  Error:Illegal operands
 618 ???? 00000000 		 fitoq %f1, %f19
****  Error:Illegal operands
 619 ???? 00000000 		 fitoq %f2, %f19
****  Error:Illegal operands
 620 ???? 00000000 		 fitoq %f3, %f19
****  Error:Illegal operands
 621 ???? 00000000 		 fitoq %f4, %f19
****  Error:Illegal operands
 622 ???? 00000000 		 fitoq %f5, %f19
****  Error:Illegal operands
 623 ???? 00000000 		 fitoq %f6, %f19
****  Error:Illegal operands
 624 ???? 00000000 		 fitoq %f7, %f19
****  Error:Illegal operands
 625 ???? 00000000 		 fitoq %f8, %f19
****  Error:Illegal operands
 626 ???? 00000000 		 fitoq %f9, %f19
****  Error:Illegal operands
 627 ???? 00000000 		 fitoq %f10, %f19
****  Error:Illegal operands
 628 ???? 00000000 		 fitoq %f11, %f19
****  Error:Illegal operands
 629 ???? 00000000 		 fitoq %f12, %f19
****  Error:Illegal operands
 630 ???? 00000000 		 fitoq %f13, %f19
****  Error:Illegal operands
 631 ???? 00000000 		 fitoq %f14, %f19
****  Error:Illegal operands
 632 ???? 00000000 		 fitoq %f15, %f19
****  Error:Illegal operands
 633 ???? 00000000 		 fitoq %f16, %f19
****  Error:Illegal operands
 634 ???? 00000000 		 fitoq %f17, %f19
****  Error:Illegal operands
 635 ???? 00000000 		 fitoq %f18, %f19
****  Error:Illegal operands
 636 ???? 00000000 		 fitoq %f19, %f19
****  Error:Illegal operands
 637 ???? 00000000 		 fitoq %f20, %f19
****  Error:Illegal operands
 638 ???? 00000000 		 fitoq %f21, %f19
****  Error:Illegal operands
 639 ???? 00000000 		 fitoq %f22, %f19
****  Error:Illegal operands
 640 ???? 00000000 		 fitoq %f23, %f19
****  Error:Illegal operands
 641 ???? 00000000 		 fitoq %f24, %f19
****  Error:Illegal operands
 642 ???? 00000000 		 fitoq %f25, %f19
****  Error:Illegal operands
 643 ???? 00000000 		 fitoq %f26, %f19
****  Error:Illegal operands
 644 ???? 00000000 		 fitoq %f27, %f19
****  Error:Illegal operands
 645 ???? 00000000 		 fitoq %f28, %f19
****  Error:Illegal operands
 646 ???? 00000000 		 fitoq %f29, %f19
****  Error:Illegal operands
 647 ???? 00000000 		 fitoq %f30, %f19
****  Error:Illegal operands
 648 ???? 00000000 		 fitoq %f31, %f19
****  Error:Illegal operands
 649 ???? A9A01980 		 fitoq %f0, %f20
 650 ???? A9A01981 		 fitoq %f1, %f20
 651 ???? A9A01982 		 fitoq %f2, %f20
 652 ???? A9A01983 		 fitoq %f3, %f20
 653 ???? A9A01984 		 fitoq %f4, %f20
 654 ???? A9A01985 		 fitoq %f5, %f20
 655 ???? A9A01986 		 fitoq %f6, %f20
 656 ???? A9A01987 		 fitoq %f7, %f20
 657 ???? A9A01988 		 fitoq %f8, %f20
 658 ???? A9A01989 		 fitoq %f9, %f20
 659 ???? A9A0198A 		 fitoq %f10, %f20
 660 ???? A9A0198B 		 fitoq %f11, %f20
 661 ???? A9A0198C 		 fitoq %f12, %f20
 662 ???? A9A0198D 		 fitoq %f13, %f20
 663 ???? A9A0198E 		 fitoq %f14, %f20
 664 ???? A9A0198F 		 fitoq %f15, %f20
 665 ???? A9A01990 		 fitoq %f16, %f20
 666 ???? A9A01991 		 fitoq %f17, %f20
 667 ???? A9A01992 		 fitoq %f18, %f20
 668 ???? A9A01993 		 fitoq %f19, %f20
 669 ???? A9A01994 		 fitoq %f20, %f20
 670 ???? A9A01995 		 fitoq %f21, %f20
 671 ???? A9A01996 		 fitoq %f22, %f20
 672 ???? A9A01997 		 fitoq %f23, %f20
 673 ???? A9A01998 		 fitoq %f24, %f20
 674 ???? A9A01999 		 fitoq %f25, %f20
 675 ???? A9A0199A 		 fitoq %f26, %f20
 676 ???? A9A0199B 		 fitoq %f27, %f20
 677 ???? A9A0199C 		 fitoq %f28, %f20
 678 ???? A9A0199D 		 fitoq %f29, %f20
 679 ???? A9A0199E 		 fitoq %f30, %f20
 680 ???? A9A0199F 		 fitoq %f31, %f20
 681 ???? 00000000 		 fitoq %f0, %f21
****  Error:Illegal operands
 682 ???? 00000000 		 fitoq %f1, %f21
****  Error:Illegal operands
 683 ???? 00000000 		 fitoq %f2, %f21
****  Error:Illegal operands
 684 ???? 00000000 		 fitoq %f3, %f21
****  Error:Illegal operands
 685 ???? 00000000 		 fitoq %f4, %f21
****  Error:Illegal operands
 686 ???? 00000000 		 fitoq %f5, %f21
****  Error:Illegal operands
 687 ???? 00000000 		 fitoq %f6, %f21
****  Error:Illegal operands
 688 ???? 00000000 		 fitoq %f7, %f21
****  Error:Illegal operands
 689 ???? 00000000 		 fitoq %f8, %f21
****  Error:Illegal operands
 690 ???? 00000000 		 fitoq %f9, %f21
****  Error:Illegal operands
 691 ???? 00000000 		 fitoq %f10, %f21
****  Error:Illegal operands
 692 ???? 00000000 		 fitoq %f11, %f21
****  Error:Illegal operands
 693 ???? 00000000 		 fitoq %f12, %f21
****  Error:Illegal operands
 694 ???? 00000000 		 fitoq %f13, %f21
****  Error:Illegal operands
 695 ???? 00000000 		 fitoq %f14, %f21
****  Error:Illegal operands
 696 ???? 00000000 		 fitoq %f15, %f21
****  Error:Illegal operands
 697 ???? 00000000 		 fitoq %f16, %f21
****  Error:Illegal operands
 698 ???? 00000000 		 fitoq %f17, %f21
****  Error:Illegal operands
 699 ???? 00000000 		 fitoq %f18, %f21
****  Error:Illegal operands
 700 ???? 00000000 		 fitoq %f19, %f21
****  Error:Illegal operands
 701 ???? 00000000 		 fitoq %f20, %f21
****  Error:Illegal operands
 702 ???? 00000000 		 fitoq %f21, %f21
****  Error:Illegal operands
 703 ???? 00000000 		 fitoq %f22, %f21
****  Error:Illegal operands
 704 ???? 00000000 		 fitoq %f23, %f21
****  Error:Illegal operands
 705 ???? 00000000 		 fitoq %f24, %f21
****  Error:Illegal operands
 706 ???? 00000000 		 fitoq %f25, %f21
****  Error:Illegal operands
 707 ???? 00000000 		 fitoq %f26, %f21
****  Error:Illegal operands
 708 ???? 00000000 		 fitoq %f27, %f21
****  Error:Illegal operands
 709 ???? 00000000 		 fitoq %f28, %f21
****  Error:Illegal operands
 710 ???? 00000000 		 fitoq %f29, %f21
****  Error:Illegal operands
 711 ???? 00000000 		 fitoq %f30, %f21
****  Error:Illegal operands
 712 ???? 00000000 		 fitoq %f31, %f21
****  Error:Illegal operands
 713 ???? 00000000 		 fitoq %f0, %f22
****  Error:Illegal operands
 714 ???? 00000000 		 fitoq %f1, %f22
****  Error:Illegal operands
 715 ???? 00000000 		 fitoq %f2, %f22
****  Error:Illegal operands
 716 ???? 00000000 		 fitoq %f3, %f22
****  Error:Illegal operands
 717 ???? 00000000 		 fitoq %f4, %f22
****  Error:Illegal operands
 718 ???? 00000000 		 fitoq %f5, %f22
****  Error:Illegal operands
 719 ???? 00000000 		 fitoq %f6, %f22
****  Error:Illegal operands
 720 ???? 00000000 		 fitoq %f7, %f22
****  Error:Illegal operands
 721 ???? 00000000 		 fitoq %f8, %f22
****  Error:Illegal operands
 722 ???? 00000000 		 fitoq %f9, %f22
****  Error:Illegal operands
 723 ???? 00000000 		 fitoq %f10, %f22
****  Error:Illegal operands
 724 ???? 00000000 		 fitoq %f11, %f22
****  Error:Illegal operands
 725 ???? 00000000 		 fitoq %f12, %f22
****  Error:Illegal operands
 726 ???? 00000000 		 fitoq %f13, %f22
****  Error:Illegal operands
 727 ???? 00000000 		 fitoq %f14, %f22
****  Error:Illegal operands
 728 ???? 00000000 		 fitoq %f15, %f22
****  Error:Illegal operands
 729 ???? 00000000 		 fitoq %f16, %f22
****  Error:Illegal operands
 730 ???? 00000000 		 fitoq %f17, %f22
****  Error:Illegal operands
 731 ???? 00000000 		 fitoq %f18, %f22
****  Error:Illegal operands
 732 ???? 00000000 		 fitoq %f19, %f22
****  Error:Illegal operands
 733 ???? 00000000 		 fitoq %f20, %f22
****  Error:Illegal operands
 734 ???? 00000000 		 fitoq %f21, %f22
****  Error:Illegal operands
 735 ???? 00000000 		 fitoq %f22, %f22
****  Error:Illegal operands
 736 ???? 00000000 		 fitoq %f23, %f22
****  Error:Illegal operands
 737 ???? 00000000 		 fitoq %f24, %f22
****  Error:Illegal operands
 738 ???? 00000000 		 fitoq %f25, %f22
****  Error:Illegal operands
 739 ???? 00000000 		 fitoq %f26, %f22
****  Error:Illegal operands
 740 ???? 00000000 		 fitoq %f27, %f22
****  Error:Illegal operands
 741 ???? 00000000 		 fitoq %f28, %f22
****  Error:Illegal operands
 742 ???? 00000000 		 fitoq %f29, %f22
****  Error:Illegal operands
 743 ???? 00000000 		 fitoq %f30, %f22
****  Error:Illegal operands
 744 ???? 00000000 		 fitoq %f31, %f22
****  Error:Illegal operands
 745 ???? 00000000 		 fitoq %f0, %f23
****  Error:Illegal operands
 746 ???? 00000000 		 fitoq %f1, %f23
****  Error:Illegal operands
 747 ???? 00000000 		 fitoq %f2, %f23
****  Error:Illegal operands
 748 ???? 00000000 		 fitoq %f3, %f23
****  Error:Illegal operands
 749 ???? 00000000 		 fitoq %f4, %f23
****  Error:Illegal operands
 750 ???? 00000000 		 fitoq %f5, %f23
****  Error:Illegal operands
 751 ???? 00000000 		 fitoq %f6, %f23
****  Error:Illegal operands
 752 ???? 00000000 		 fitoq %f7, %f23
****  Error:Illegal operands
 753 ???? 00000000 		 fitoq %f8, %f23
****  Error:Illegal operands
 754 ???? 00000000 		 fitoq %f9, %f23
****  Error:Illegal operands
 755 ???? 00000000 		 fitoq %f10, %f23
****  Error:Illegal operands
 756 ???? 00000000 		 fitoq %f11, %f23
****  Error:Illegal operands
 757 ???? 00000000 		 fitoq %f12, %f23
****  Error:Illegal operands
 758 ???? 00000000 		 fitoq %f13, %f23
****  Error:Illegal operands
 759 ???? 00000000 		 fitoq %f14, %f23
****  Error:Illegal operands
 760 ???? 00000000 		 fitoq %f15, %f23
****  Error:Illegal operands
 761 ???? 00000000 		 fitoq %f16, %f23
****  Error:Illegal operands
 762 ???? 00000000 		 fitoq %f17, %f23
****  Error:Illegal operands
 763 ???? 00000000 		 fitoq %f18, %f23
****  Error:Illegal operands
 764 ???? 00000000 		 fitoq %f19, %f23
****  Error:Illegal operands
 765 ???? 00000000 		 fitoq %f20, %f23
****  Error:Illegal operands
 766 ???? 00000000 		 fitoq %f21, %f23
****  Error:Illegal operands
 767 ???? 00000000 		 fitoq %f22, %f23
****  Error:Illegal operands
 768 ???? 00000000 		 fitoq %f23, %f23
****  Error:Illegal operands
 769 ???? 00000000 		 fitoq %f24, %f23
****  Error:Illegal operands
 770 ???? 00000000 		 fitoq %f25, %f23
****  Error:Illegal operands
 771 ???? 00000000 		 fitoq %f26, %f23
****  Error:Illegal operands
 772 ???? 00000000 		 fitoq %f27, %f23
****  Error:Illegal operands
 773 ???? 00000000 		 fitoq %f28, %f23
****  Error:Illegal operands
 774 ???? 00000000 		 fitoq %f29, %f23
****  Error:Illegal operands
 775 ???? 00000000 		 fitoq %f30, %f23
****  Error:Illegal operands
 776 ???? 00000000 		 fitoq %f31, %f23
****  Error:Illegal operands
 777 ???? B1A01980 		 fitoq %f0, %f24
 778 ???? B1A01981 		 fitoq %f1, %f24
 779 ???? B1A01982 		 fitoq %f2, %f24
 780 ???? B1A01983 		 fitoq %f3, %f24
 781 ???? B1A01984 		 fitoq %f4, %f24
 782 ???? B1A01985 		 fitoq %f5, %f24
 783 ???? B1A01986 		 fitoq %f6, %f24
 784 ???? B1A01987 		 fitoq %f7, %f24
 785 ???? B1A01988 		 fitoq %f8, %f24
 786 ???? B1A01989 		 fitoq %f9, %f24
 787 ???? B1A0198A 		 fitoq %f10, %f24
 788 ???? B1A0198B 		 fitoq %f11, %f24
 789 ???? B1A0198C 		 fitoq %f12, %f24
 790 ???? B1A0198D 		 fitoq %f13, %f24
 791 ???? B1A0198E 		 fitoq %f14, %f24
 792 ???? B1A0198F 		 fitoq %f15, %f24
 793 ???? B1A01990 		 fitoq %f16, %f24
 794 ???? B1A01991 		 fitoq %f17, %f24
 795 ???? B1A01992 		 fitoq %f18, %f24
 796 ???? B1A01993 		 fitoq %f19, %f24
 797 ???? B1A01994 		 fitoq %f20, %f24
 798 ???? B1A01995 		 fitoq %f21, %f24
 799 ???? B1A01996 		 fitoq %f22, %f24
 800 ???? B1A01997 		 fitoq %f23, %f24
 801 ???? B1A01998 		 fitoq %f24, %f24
 802 ???? B1A01999 		 fitoq %f25, %f24
 803 ???? B1A0199A 		 fitoq %f26, %f24
 804 ???? B1A0199B 		 fitoq %f27, %f24
 805 ???? B1A0199C 		 fitoq %f28, %f24
 806 ???? B1A0199D 		 fitoq %f29, %f24
 807 ???? B1A0199E 		 fitoq %f30, %f24
 808 ???? B1A0199F 		 fitoq %f31, %f24
 809 ???? 00000000 		 fitoq %f0, %f25
****  Error:Illegal operands
 810 ???? 00000000 		 fitoq %f1, %f25
****  Error:Illegal operands
 811 ???? 00000000 		 fitoq %f2, %f25
****  Error:Illegal operands
 812 ???? 00000000 		 fitoq %f3, %f25
****  Error:Illegal operands
 813 ???? 00000000 		 fitoq %f4, %f25
****  Error:Illegal operands
 814 ???? 00000000 		 fitoq %f5, %f25
****  Error:Illegal operands
 815 ???? 00000000 		 fitoq %f6, %f25
****  Error:Illegal operands
 816 ???? 00000000 		 fitoq %f7, %f25
****  Error:Illegal operands
 817 ???? 00000000 		 fitoq %f8, %f25
****  Error:Illegal operands
 818 ???? 00000000 		 fitoq %f9, %f25
****  Error:Illegal operands
 819 ???? 00000000 		 fitoq %f10, %f25
****  Error:Illegal operands
 820 ???? 00000000 		 fitoq %f11, %f25
****  Error:Illegal operands
 821 ???? 00000000 		 fitoq %f12, %f25
****  Error:Illegal operands
 822 ???? 00000000 		 fitoq %f13, %f25
****  Error:Illegal operands
 823 ???? 00000000 		 fitoq %f14, %f25
****  Error:Illegal operands
 824 ???? 00000000 		 fitoq %f15, %f25
****  Error:Illegal operands
 825 ???? 00000000 		 fitoq %f16, %f25
****  Error:Illegal operands
 826 ???? 00000000 		 fitoq %f17, %f25
****  Error:Illegal operands
 827 ???? 00000000 		 fitoq %f18, %f25
****  Error:Illegal operands
 828 ???? 00000000 		 fitoq %f19, %f25
****  Error:Illegal operands
 829 ???? 00000000 		 fitoq %f20, %f25
****  Error:Illegal operands
 830 ???? 00000000 		 fitoq %f21, %f25
****  Error:Illegal operands
 831 ???? 00000000 		 fitoq %f22, %f25
****  Error:Illegal operands
 832 ???? 00000000 		 fitoq %f23, %f25
****  Error:Illegal operands
 833 ???? 00000000 		 fitoq %f24, %f25
****  Error:Illegal operands
 834 ???? 00000000 		 fitoq %f25, %f25
****  Error:Illegal operands
 835 ???? 00000000 		 fitoq %f26, %f25
****  Error:Illegal operands
 836 ???? 00000000 		 fitoq %f27, %f25
****  Error:Illegal operands
 837 ???? 00000000 		 fitoq %f28, %f25
****  Error:Illegal operands
 838 ???? 00000000 		 fitoq %f29, %f25
****  Error:Illegal operands
 839 ???? 00000000 		 fitoq %f30, %f25
****  Error:Illegal operands
 840 ???? 00000000 		 fitoq %f31, %f25
****  Error:Illegal operands
 841 ???? 00000000 		 fitoq %f0, %f26
****  Error:Illegal operands
 842 ???? 00000000 		 fitoq %f1, %f26
****  Error:Illegal operands
 843 ???? 00000000 		 fitoq %f2, %f26
****  Error:Illegal operands
 844 ???? 00000000 		 fitoq %f3, %f26
****  Error:Illegal operands
 845 ???? 00000000 		 fitoq %f4, %f26
****  Error:Illegal operands
 846 ???? 00000000 		 fitoq %f5, %f26
****  Error:Illegal operands
 847 ???? 00000000 		 fitoq %f6, %f26
****  Error:Illegal operands
 848 ???? 00000000 		 fitoq %f7, %f26
****  Error:Illegal operands
 849 ???? 00000000 		 fitoq %f8, %f26
****  Error:Illegal operands
 850 ???? 00000000 		 fitoq %f9, %f26
****  Error:Illegal operands
 851 ???? 00000000 		 fitoq %f10, %f26
****  Error:Illegal operands
 852 ???? 00000000 		 fitoq %f11, %f26
****  Error:Illegal operands
 853 ???? 00000000 		 fitoq %f12, %f26
****  Error:Illegal operands
 854 ???? 00000000 		 fitoq %f13, %f26
****  Error:Illegal operands
 855 ???? 00000000 		 fitoq %f14, %f26
****  Error:Illegal operands
 856 ???? 00000000 		 fitoq %f15, %f26
****  Error:Illegal operands
 857 ???? 00000000 		 fitoq %f16, %f26
****  Error:Illegal operands
 858 ???? 00000000 		 fitoq %f17, %f26
****  Error:Illegal operands
 859 ???? 00000000 		 fitoq %f18, %f26
****  Error:Illegal operands
 860 ???? 00000000 		 fitoq %f19, %f26
****  Error:Illegal operands
 861 ???? 00000000 		 fitoq %f20, %f26
****  Error:Illegal operands
 862 ???? 00000000 		 fitoq %f21, %f26
****  Error:Illegal operands
 863 ???? 00000000 		 fitoq %f22, %f26
****  Error:Illegal operands
 864 ???? 00000000 		 fitoq %f23, %f26
****  Error:Illegal operands
 865 ???? 00000000 		 fitoq %f24, %f26
****  Error:Illegal operands
 866 ???? 00000000 		 fitoq %f25, %f26
****  Error:Illegal operands
 867 ???? 00000000 		 fitoq %f26, %f26
****  Error:Illegal operands
 868 ???? 00000000 		 fitoq %f27, %f26
****  Error:Illegal operands
 869 ???? 00000000 		 fitoq %f28, %f26
****  Error:Illegal operands
 870 ???? 00000000 		 fitoq %f29, %f26
****  Error:Illegal operands
 871 ???? 00000000 		 fitoq %f30, %f26
****  Error:Illegal operands
 872 ???? 00000000 		 fitoq %f31, %f26
****  Error:Illegal operands
 873 ???? 00000000 		 fitoq %f0, %f27
****  Error:Illegal operands
 874 ???? 00000000 		 fitoq %f1, %f27
****  Error:Illegal operands
 875 ???? 00000000 		 fitoq %f2, %f27
****  Error:Illegal operands
 876 ???? 00000000 		 fitoq %f3, %f27
****  Error:Illegal operands
 877 ???? 00000000 		 fitoq %f4, %f27
****  Error:Illegal operands
 878 ???? 00000000 		 fitoq %f5, %f27
****  Error:Illegal operands
 879 ???? 00000000 		 fitoq %f6, %f27
****  Error:Illegal operands
 880 ???? 00000000 		 fitoq %f7, %f27
****  Error:Illegal operands
 881 ???? 00000000 		 fitoq %f8, %f27
****  Error:Illegal operands
 882 ???? 00000000 		 fitoq %f9, %f27
****  Error:Illegal operands
 883 ???? 00000000 		 fitoq %f10, %f27
****  Error:Illegal operands
 884 ???? 00000000 		 fitoq %f11, %f27
****  Error:Illegal operands
 885 ???? 00000000 		 fitoq %f12, %f27
****  Error:Illegal operands
 886 ???? 00000000 		 fitoq %f13, %f27
****  Error:Illegal operands
 887 ???? 00000000 		 fitoq %f14, %f27
****  Error:Illegal operands
 888 ???? 00000000 		 fitoq %f15, %f27
****  Error:Illegal operands
 889 ???? 00000000 		 fitoq %f16, %f27
****  Error:Illegal operands
 890 ???? 00000000 		 fitoq %f17, %f27
****  Error:Illegal operands
 891 ???? 00000000 		 fitoq %f18, %f27
****  Error:Illegal operands
 892 ???? 00000000 		 fitoq %f19, %f27
****  Error:Illegal operands
 893 ???? 00000000 		 fitoq %f20, %f27
****  Error:Illegal operands
 894 ???? 00000000 		 fitoq %f21, %f27
****  Error:Illegal operands
 895 ???? 00000000 		 fitoq %f22, %f27
****  Error:Illegal operands
 896 ???? 00000000 		 fitoq %f23, %f27
****  Error:Illegal operands
 897 ???? 00000000 		 fitoq %f24, %f27
****  Error:Illegal operands
 898 ???? 00000000 		 fitoq %f25, %f27
****  Error:Illegal operands
 899 ???? 00000000 		 fitoq %f26, %f27
****  Error:Illegal operands
 900 ???? 00000000 		 fitoq %f27, %f27
****  Error:Illegal operands
 901 ???? 00000000 		 fitoq %f28, %f27
****  Error:Illegal operands
 902 ???? 00000000 		 fitoq %f29, %f27
****  Error:Illegal operands
 903 ???? 00000000 		 fitoq %f30, %f27
****  Error:Illegal operands
 904 ???? 00000000 		 fitoq %f31, %f27
****  Error:Illegal operands
 905 ???? B9A01980 		 fitoq %f0, %f28
 906 ???? B9A01981 		 fitoq %f1, %f28
 907 ???? B9A01982 		 fitoq %f2, %f28
 908 ???? B9A01983 		 fitoq %f3, %f28
 909 ???? B9A01984 		 fitoq %f4, %f28
 910 ???? B9A01985 		 fitoq %f5, %f28
 911 ???? B9A01986 		 fitoq %f6, %f28
 912 ???? B9A01987 		 fitoq %f7, %f28
 913 ???? B9A01988 		 fitoq %f8, %f28
 914 ???? B9A01989 		 fitoq %f9, %f28
 915 ???? B9A0198A 		 fitoq %f10, %f28
 916 ???? B9A0198B 		 fitoq %f11, %f28
 917 ???? B9A0198C 		 fitoq %f12, %f28
 918 ???? B9A0198D 		 fitoq %f13, %f28
 919 ???? B9A0198E 		 fitoq %f14, %f28
 920 ???? B9A0198F 		 fitoq %f15, %f28
 921 ???? B9A01990 		 fitoq %f16, %f28
 922 ???? B9A01991 		 fitoq %f17, %f28
 923 ???? B9A01992 		 fitoq %f18, %f28
 924 ???? B9A01993 		 fitoq %f19, %f28
 925 ???? B9A01994 		 fitoq %f20, %f28
 926 ???? B9A01995 		 fitoq %f21, %f28
 927 ???? B9A01996 		 fitoq %f22, %f28
 928 ???? B9A01997 		 fitoq %f23, %f28
 929 ???? B9A01998 		 fitoq %f24, %f28
 930 ???? B9A01999 		 fitoq %f25, %f28
 931 ???? B9A0199A 		 fitoq %f26, %f28
 932 ???? B9A0199B 		 fitoq %f27, %f28
 933 ???? B9A0199C 		 fitoq %f28, %f28
 934 ???? B9A0199D 		 fitoq %f29, %f28
 935 ???? B9A0199E 		 fitoq %f30, %f28
 936 ???? B9A0199F 		 fitoq %f31, %f28
 937 ???? 00000000 		 fitoq %f0, %f29
****  Error:Illegal operands
 938 ???? 00000000 		 fitoq %f1, %f29
****  Error:Illegal operands
 939 ???? 00000000 		 fitoq %f2, %f29
****  Error:Illegal operands
 940 ???? 00000000 		 fitoq %f3, %f29
****  Error:Illegal operands
 941 ???? 00000000 		 fitoq %f4, %f29
****  Error:Illegal operands
 942 ???? 00000000 		 fitoq %f5, %f29
****  Error:Illegal operands
 943 ???? 00000000 		 fitoq %f6, %f29
****  Error:Illegal operands
 944 ???? 00000000 		 fitoq %f7, %f29
****  Error:Illegal operands
 945 ???? 00000000 		 fitoq %f8, %f29
****  Error:Illegal operands
 946 ???? 00000000 		 fitoq %f9, %f29
****  Error:Illegal operands
 947 ???? 00000000 		 fitoq %f10, %f29
****  Error:Illegal operands
 948 ???? 00000000 		 fitoq %f11, %f29
****  Error:Illegal operands
 949 ???? 00000000 		 fitoq %f12, %f29
****  Error:Illegal operands
 950 ???? 00000000 		 fitoq %f13, %f29
****  Error:Illegal operands
 951 ???? 00000000 		 fitoq %f14, %f29
****  Error:Illegal operands
 952 ???? 00000000 		 fitoq %f15, %f29
****  Error:Illegal operands
 953 ???? 00000000 		 fitoq %f16, %f29
****  Error:Illegal operands
 954 ???? 00000000 		 fitoq %f17, %f29
****  Error:Illegal operands
 955 ???? 00000000 		 fitoq %f18, %f29
****  Error:Illegal operands
 956 ???? 00000000 		 fitoq %f19, %f29
****  Error:Illegal operands
 957 ???? 00000000 		 fitoq %f20, %f29
****  Error:Illegal operands
 958 ???? 00000000 		 fitoq %f21, %f29
****  Error:Illegal operands
 959 ???? 00000000 		 fitoq %f22, %f29
****  Error:Illegal operands
 960 ???? 00000000 		 fitoq %f23, %f29
****  Error:Illegal operands
 961 ???? 00000000 		 fitoq %f24, %f29
****  Error:Illegal operands
 962 ???? 00000000 		 fitoq %f25, %f29
****  Error:Illegal operands
 963 ???? 00000000 		 fitoq %f26, %f29
****  Error:Illegal operands
 964 ???? 00000000 		 fitoq %f27, %f29
****  Error:Illegal operands
 965 ???? 00000000 		 fitoq %f28, %f29
****  Error:Illegal operands
 966 ???? 00000000 		 fitoq %f29, %f29
****  Error:Illegal operands
 967 ???? 00000000 		 fitoq %f30, %f29
****  Error:Illegal operands
 968 ???? 00000000 		 fitoq %f31, %f29
****  Error:Illegal operands
 969 ???? 00000000 		 fitoq %f0, %f30
****  Error:Illegal operands
 970 ???? 00000000 		 fitoq %f1, %f30
****  Error:Illegal operands
 971 ???? 00000000 		 fitoq %f2, %f30
****  Error:Illegal operands
 972 ???? 00000000 		 fitoq %f3, %f30
****  Error:Illegal operands
 973 ???? 00000000 		 fitoq %f4, %f30
****  Error:Illegal operands
 974 ???? 00000000 		 fitoq %f5, %f30
****  Error:Illegal operands
 975 ???? 00000000 		 fitoq %f6, %f30
****  Error:Illegal operands
 976 ???? 00000000 		 fitoq %f7, %f30
****  Error:Illegal operands
 977 ???? 00000000 		 fitoq %f8, %f30
****  Error:Illegal operands
 978 ???? 00000000 		 fitoq %f9, %f30
****  Error:Illegal operands
 979 ???? 00000000 		 fitoq %f10, %f30
****  Error:Illegal operands
 980 ???? 00000000 		 fitoq %f11, %f30
****  Error:Illegal operands
 981 ???? 00000000 		 fitoq %f12, %f30
****  Error:Illegal operands
 982 ???? 00000000 		 fitoq %f13, %f30
****  Error:Illegal operands
 983 ???? 00000000 		 fitoq %f14, %f30
****  Error:Illegal operands
 984 ???? 00000000 		 fitoq %f15, %f30
****  Error:Illegal operands
 985 ???? 00000000 		 fitoq %f16, %f30
****  Error:Illegal operands
 986 ???? 00000000 		 fitoq %f17, %f30
****  Error:Illegal operands
 987 ???? 00000000 		 fitoq %f18, %f30
****  Error:Illegal operands
 988 ???? 00000000 		 fitoq %f19, %f30
****  Error:Illegal operands
 989 ???? 00000000 		 fitoq %f20, %f30
****  Error:Illegal operands
 990 ???? 00000000 		 fitoq %f21, %f30
****  Error:Illegal operands
 991 ???? 00000000 		 fitoq %f22, %f30
****  Error:Illegal operands
 992 ???? 00000000 		 fitoq %f23, %f30
****  Error:Illegal operands
 993 ???? 00000000 		 fitoq %f24, %f30
****  Error:Illegal operands
 994 ???? 00000000 		 fitoq %f25, %f30
****  Error:Illegal operands
 995 ???? 00000000 		 fitoq %f26, %f30
****  Error:Illegal operands
 996 ???? 00000000 		 fitoq %f27, %f30
****  Error:Illegal operands
 997 ???? 00000000 		 fitoq %f28, %f30
****  Error:Illegal operands
 998 ???? 00000000 		 fitoq %f29, %f30
****  Error:Illegal operands
 999 ???? 00000000 		 fitoq %f30, %f30
****  Error:Illegal operands
 1000 ???? 00000000 		 fitoq %f31, %f30
****  Error:Illegal operands
 1001 ???? 00000000 		 fitoq %f0, %f31
****  Error:Illegal operands
 1002 ???? 00000000 		 fitoq %f1, %f31
****  Error:Illegal operands
 1003 ???? 00000000 		 fitoq %f2, %f31
****  Error:Illegal operands
 1004 ???? 00000000 		 fitoq %f3, %f31
****  Error:Illegal operands
 1005 ???? 00000000 		 fitoq %f4, %f31
****  Error:Illegal operands
 1006 ???? 00000000 		 fitoq %f5, %f31
****  Error:Illegal operands
 1007 ???? 00000000 		 fitoq %f6, %f31
****  Error:Illegal operands
 1008 ???? 00000000 		 fitoq %f7, %f31
****  Error:Illegal operands
 1009 ???? 00000000 		 fitoq %f8, %f31
****  Error:Illegal operands
 1010 ???? 00000000 		 fitoq %f9, %f31
****  Error:Illegal operands
 1011 ???? 00000000 		 fitoq %f10, %f31
****  Error:Illegal operands
 1012 ???? 00000000 		 fitoq %f11, %f31
****  Error:Illegal operands
 1013 ???? 00000000 		 fitoq %f12, %f31
****  Error:Illegal operands
 1014 ???? 00000000 		 fitoq %f13, %f31
****  Error:Illegal operands
 1015 ???? 00000000 		 fitoq %f14, %f31
****  Error:Illegal operands
 1016 ???? 00000000 		 fitoq %f15, %f31
****  Error:Illegal operands
 1017 ???? 00000000 		 fitoq %f16, %f31
****  Error:Illegal operands
 1018 ???? 00000000 		 fitoq %f17, %f31
****  Error:Illegal operands
 1019 ???? 00000000 		 fitoq %f18, %f31
****  Error:Illegal operands
 1020 ???? 00000000 		 fitoq %f19, %f31
****  Error:Illegal operands
 1021 ???? 00000000 		 fitoq %f20, %f31
****  Error:Illegal operands
 1022 ???? 00000000 		 fitoq %f21, %f31
****  Error:Illegal operands
 1023 ???? 00000000 		 fitoq %f22, %f31
****  Error:Illegal operands
 1024 ???? 00000000 		 fitoq %f23, %f31
****  Error:Illegal operands
 1025 ???? 00000000 		 fitoq %f24, %f31
****  Error:Illegal operands
 1026 ???? 00000000 		 fitoq %f25, %f31
****  Error:Illegal operands
 1027 ???? 00000000 		 fitoq %f26, %f31
****  Error:Illegal operands
 1028 ???? 00000000 		 fitoq %f27, %f31
****  Error:Illegal operands
 1029 ???? 00000000 		 fitoq %f28, %f31
****  Error:Illegal operands
 1030 ???? 00000000 		 fitoq %f29, %f31
****  Error:Illegal operands
 1031 ???? 00000000 		 fitoq %f30, %f31
****  Error:Illegal operands
 1032 ???? 00000000 		 fitoq %f31, %f31
****  Error:Illegal operands
 1033 ???? 01000000 	        nop
 1034              	        .ident  "GCC: (Buildroot 2014.08) 4.7.4"
 1035              	        .section  .note.GNU-stack,"",@progbits
DEFINED SYMBOLS
                            *ABS*:0000000000000000 .
/lindata/My-work/Professional/iitb/development/isa-v2-branch/ajit-toolchain/as-dis-test/asmgen/runs/Monday-March-15-2021-13-27-26/asms/fitoq.s:7      .text:0000000000000000 main

NO UNDEFINED SYMBOLS
