./include/ChangeLog-9103
./include/coff/ChangeLog-9103
./include/coff/ChangeLog
./include/coff/internal.h
./include/coff/sparc.h
./include/mach-o/loader.h
./include/elf/ChangeLog-9103
./include/elf/common.h
./include/elf/ChangeLog
./include/elf/sparc.h
./include/aout/sun4.h
./include/aout/aout64.h
./include/aout/reloc.h
./include/aout/adobe.h
./include/dis-asm.h
./include/opcode/ChangeLog-9103
./include/opcode/ChangeLog
./include/opcode/cgen.h
./include/opcode/sparc.h
./include/bfdlink.h
./include/nlm/sparc32-ext.h
./include/nlm/ChangeLog
./configure.ac
./md5.sum
./elfcpp/ChangeLog
./elfcpp/sparc.h
./elfcpp/elfcpp.h
./configure.lineno
./ChangeLog
./gold/configure.ac
./gold/Makefile.am
./gold/ChangeLog
./gold/configure
./gold/po/es.po
./gold/po/vi.po
./gold/po/POTFILES.in
./gold/po/id.po
./gold/po/gold.pot
./gold/po/fi.po
./gold/config.in
./gold/sparc.cc
./gold/configure.tgt
./gold/Makefile.in
./ld/ChangeLog-2006
./ld/Makefile.am
./ld/ChangeLog-2005
./ld/ChangeLog-0001
./ld/emulparams/vxworks.sh
./ld/emulparams/sun4.sh
./ld/emulparams/elf64_sparc_sol2.sh
./ld/emulparams/elf32_sparc_vxworks.sh
./ld/emulparams/sparcaout.sh
./ld/emulparams/coff_sparc.sh
./ld/emulparams/elf32_sparc.sh
./ld/emulparams/elf64_sparc_fbsd.sh
./ld/emulparams/tic80coff.sh
./ld/emulparams/sparcnbsd.sh
./ld/emulparams/sparclinux.sh
./ld/emulparams/solaris2.sh
./ld/emulparams/elf32_sparc_sol2.sh
./ld/emulparams/elf64_sparc.sh
./ld/genscripts.sh
./ld/ChangeLog-9197
./ld/NEWS
./ld/ldint.texinfo
./ld/ChangeLog-2009
./ld/ChangeLog-9899
./ld/configure
./ld/ChangeLog-2008
./ld/scripttempl/sparccoff.sc
./ld/configure.host
./ld/ChangeLog-2007
./ld/testsuite/ld-elfvers/vers.exp
./ld/testsuite/ChangeLog-2006
./ld/testsuite/ChangeLog-2005
./ld/testsuite/ld-elfvsb/elfvsb.exp
./ld/testsuite/ld-elf/merge.d
./ld/testsuite/ld-elf/warn1.d
./ld/testsuite/ld-elf/warn2.d
./ld/testsuite/ChangeLog
./ld/testsuite/ChangeLog-2004
./ld/testsuite/ChangeLog-2009
./ld/testsuite/ChangeLog-9303
./ld/testsuite/ld-unique/unique.exp
./ld/testsuite/ld-ifunc/ifunc.exp
./ld/testsuite/ChangeLog-2008
./ld/testsuite/ld-elfweak/elfweak.exp
./ld/testsuite/ChangeLog-2007
./ld/testsuite/ld-sparc/tlssunpic64.rd
./ld/testsuite/ld-sparc/tlssunbin64.rd
./ld/testsuite/ld-sparc/tlssunnopic32.rd
./ld/testsuite/ld-sparc/tlssunpic32.rd
./ld/testsuite/ld-sparc/tlssunpic64.dd
./ld/testsuite/ld-sparc/tlssunbin64.dd
./ld/testsuite/ld-sparc/gotop32.rd
./ld/testsuite/ld-sparc/tlssunpic64.td
./ld/testsuite/ld-sparc/gotop32.td
./ld/testsuite/ld-sparc/tlssunpic32.dd
./ld/testsuite/ld-sparc/tlssunpic32.sd
./ld/testsuite/ld-sparc/gotop64.td
./ld/testsuite/ld-sparc/gotop32.sd
./ld/testsuite/ld-sparc/tlssunbin64.td
./ld/testsuite/ld-sparc/tlssunnopic32.dd
./ld/testsuite/ld-sparc/gotop64.rd
./ld/testsuite/ld-sparc/vxworks1.dd
./ld/testsuite/ld-sparc/tlssunbin32.rd
./ld/testsuite/ld-sparc/tlssunnopic64.sd
./ld/testsuite/ld-sparc/tlssunnopic32.sd
./ld/testsuite/ld-sparc/tlssunbin32.td
./ld/testsuite/ld-sparc/tlssunbin32.sd
./ld/testsuite/ld-sparc/tlssunnopic64.rd
./ld/testsuite/ld-sparc/tlsg64.sd
./ld/testsuite/ld-sparc/tlsg32.sd
./ld/testsuite/ld-sparc/vxworks1-lib.rd
./ld/testsuite/ld-sparc/vxworks1.rd
./ld/testsuite/ld-sparc/tlssunpic32.td
./ld/testsuite/ld-sparc/tlssunbin64.sd
./ld/testsuite/ld-sparc/tlssunpic64.sd
./ld/testsuite/ld-sparc/sparc.exp
./ld/testsuite/ld-sparc/gotop32.dd
./ld/testsuite/ld-sparc/tlssunbin32.dd
./ld/testsuite/ld-sparc/tlssunnopic64.dd
./ld/testsuite/ld-sparc/gotop64.dd
./ld/testsuite/ld-sparc/gotop64.sd
./ld/testsuite/ChangeLog-2010
./ld/testsuite/ld-shared/shared.exp
./ld/ChangeLog-2010
./ld/configure.tgt
./ld/Makefile.in
./ld/ChangeLog-0203
./libtool.m4
./config/largefile.m4
./config/acinclude.m4
./config/ChangeLog
./config/intdiv0.m4
./config/tcl.m4
./intl/configure
./configure
./binutils/readelf.c
./binutils/configure.in
./binutils/ChangeLog
./binutils/ChangeLog-9197
./binutils/objdump.c
./binutils/ChangeLog-9899
./binutils/configure
./binutils/testsuite/binutils-all/objdump.exp
./binutils/testsuite/binutils-all/nm.exp
./binutils/testsuite/ChangeLog-9303
./binutils/testsuite/lib/binutils-common.exp
./binutils/doc/binutils.info
./binutils/doc/binutils.texi
./binutils/nlmconv.c
./binutils/MAINTAINERS
./etc/configure.texi
./etc/configure.info
./bfd/coff-sparc.c
./bfd/ChangeLog-2006
./bfd/Makefile.am
./bfd/ChangeLog-2005
./bfd/lynx-core.c
./bfd/elf32-sparc.c
./bfd/ChangeLog-0001
./bfd/elf-bfd.h
./bfd/aout-sparcle.c
./bfd/aoutf1.h
./bfd/sparclynx.c
./bfd/coffcode.h
./bfd/coff-tic4x.c
./bfd/configure.in
./bfd/elf32-cris.c
./bfd/ChangeLog
./bfd/ChangeLog-2004
./bfd/elfxx-sparc.c
./bfd/netbsd-core.c
./bfd/bfd.m4
./bfd/elf32-m68hc1x.h
./bfd/mach-o.c
./bfd/nlm32-sparc.c
./bfd/coff-tic54x.c
./bfd/freebsd.h
./bfd/ChangeLog-2009
./bfd/targets.c
./bfd/libaout.h
./bfd/cf-sparclynx.c
./bfd/elfcode.h
./bfd/elfxx-sparc.h
./bfd/libbfd.h
./bfd/README
./bfd/ChangeLog-9899
./bfd/sunos.c
./bfd/mipsbsd.c
./bfd/configure
./bfd/sparclinux.c
./bfd/pdp11.c
./bfd/ChangeLog-2008
./bfd/po/fi.gmo
./bfd/po/es.gmo
./bfd/po/fr.gmo
./bfd/po/es.po
./bfd/po/vi.po
./bfd/po/sv.po
./bfd/po/tr.po
./bfd/po/ru.gmo
./bfd/po/da.gmo
./bfd/po/sv.gmo
./bfd/po/id.po
./bfd/po/ro.po
./bfd/po/ja.po
./bfd/po/da.po
./bfd/po/ro.gmo
./bfd/po/rw.po
./bfd/po/ru.po
./bfd/po/bfd.pot
./bfd/po/fi.po
./bfd/po/vi.gmo
./bfd/po/id.gmo
./bfd/po/SRC-POTFILES.in
./bfd/po/tr.gmo
./bfd/po/fr.po
./bfd/po/zh_CN.po
./bfd/config.bfd
./bfd/cpu-sparc.c
./bfd/ChangeLog-9495
./bfd/elf64-sparc.c
./bfd/ChangeLog-2007
./bfd/sparcnetbsd.c
./bfd/ChangeLog-2010
./bfd/doc/aoutx.texi
./bfd/doc/elf.texi
./bfd/doc/archures.texi
./bfd/doc/bfd.info
./bfd/doc/reloc.texi
./bfd/archures.c
./bfd/ChangeLog-9697
./bfd/bfd-in.h
./bfd/reloc.c
./bfd/Makefile.in
./bfd/elf.c
./bfd/ChangeLog-9193
./bfd/bfd-in2.h
./bfd/aoutx.h
./bfd/ChangeLog-0203
./config.sub
./ajit-binutils.err
./opcodes/ChangeLog-2006
./opcodes/Makefile.am
./opcodes/ChangeLog-2005
./opcodes/fr30-desc.c
./opcodes/ChangeLog-0001
./opcodes/openrisc-desc.c
./opcodes/iq2000-desc.c
./opcodes/mt-desc.c
./opcodes/lm32-desc.c
./opcodes/configure.in
./opcodes/ChangeLog
./opcodes/ChangeLog-2004
./opcodes/ip2k-desc.c
./opcodes/xstormy16-desc.c
./opcodes/sparc-opc.c
./opcodes/hppa-dis.c
./opcodes/ChangeLog-9899
./opcodes/configure
./opcodes/ChangeLog-2008
./opcodes/po/fi.gmo
./opcodes/po/pt_BR.gmo
./opcodes/po/es.gmo
./opcodes/po/fr.gmo
./opcodes/po/es.po
./opcodes/po/vi.po
./opcodes/po/sv.po
./opcodes/po/tr.po
./opcodes/po/POTFILES.in
./opcodes/po/pt_BR.po
./opcodes/po/da.gmo
./opcodes/po/nl.po
./opcodes/po/sv.gmo
./opcodes/po/id.po
./opcodes/po/ro.po
./opcodes/po/zh_CN.gmo
./opcodes/po/ga.gmo
./opcodes/po/da.po
./opcodes/po/ga.po
./opcodes/po/ro.gmo
./opcodes/po/de.gmo
./opcodes/po/opcodes.pot
./opcodes/po/nl.gmo
./opcodes/po/fi.po
./opcodes/po/vi.gmo
./opcodes/po/id.gmo
./opcodes/po/tr.gmo
./opcodes/po/fr.po
./opcodes/po/de.po
./opcodes/po/zh_CN.po
./opcodes/frv-desc.c
./opcodes/sparc-dis.c
./opcodes/ChangeLog-2007
./opcodes/ChangeLog-2010
./opcodes/mep-desc.c
./opcodes/m32r-desc.c
./opcodes/Makefile.in
./opcodes/ChangeLog-9297
./opcodes/disassemble.c
./opcodes/xc16x-desc.c
./opcodes/m32c-desc.c
./opcodes/ChangeLog-0203
./libiberty/simple-object-elf.c
./libiberty/ChangeLog
./libiberty/configure
./libiberty/config.in
./libiberty/hashtab.c
./config.guess
./cpu/m32r.cpu
./gas/ChangeLog-2006
./gas/read.c
./gas/Makefile.am
./gas/ChangeLog-2005
./gas/ChangeLog-0001
./gas/ChangeLog-9295
./gas/configure.in
./gas/ChangeLog
./gas/symbols.c
./gas/ChangeLog-2004
./gas/config/tc-sparc.c
./gas/config/te-sparcaout.h
./gas/config/te-solaris.h
./gas/config/tc-sparc.h
./gas/config/obj-coff.h
./gas/config/tc-or32.c
./gas/config/aout_gnu.h
./gas/config/obj-elf.c
./gas/NEWS
./gas/ChangeLog-2009
./gas/README
./gas/ChangeLog-9899
./gas/CONTRIBUTORS
./gas/configure
./gas/ChangeLog-2008
./gas/po/fi.gmo
./gas/po/es.gmo
./gas/po/fr.gmo
./gas/po/es.po
./gas/po/gas.pot
./gas/po/tr.po
./gas/po/POTFILES.in
./gas/po/id.po
./gas/po/rw.po
./gas/po/ru.po
./gas/po/fi.po
./gas/po/id.gmo
./gas/po/tr.gmo
./gas/po/fr.po
./gas/configure.com
./gas/config.in
./gas/ChangeLog-2007
./gas/testsuite/ChangeLog-2006
./gas/testsuite/ChangeLog
./gas/testsuite/ChangeLog-2004
./gas/testsuite/ChangeLog-9303
./gas/testsuite/ChangeLog-2008
./gas/testsuite/ChangeLog-2007
./gas/testsuite/gas/elf/elf.exp
./gas/testsuite/gas/sparc/gotop32.s
./gas/testsuite/gas/sparc/rdpr.d
./gas/testsuite/gas/sparc/pc2210.d
./gas/testsuite/gas/sparc/ticc-imm-reg.s
./gas/testsuite/gas/sparc/splet-2.d
./gas/testsuite/gas/sparc/set64.s
./gas/testsuite/gas/sparc/wrhpr.d
./gas/testsuite/gas/sparc/reloc64.s
./gas/testsuite/gas/sparc/plt64.d
./gas/testsuite/gas/sparc/membar.d
./gas/testsuite/gas/sparc/plt.d
./gas/testsuite/gas/sparc/set64.d
./gas/testsuite/gas/sparc/synth64.d
./gas/testsuite/gas/sparc/splet.d
./gas/testsuite/gas/sparc/gotop64.s
./gas/testsuite/gas/sparc/synth64.s
./gas/testsuite/gas/sparc/wrpr.d
./gas/testsuite/gas/sparc/reloc64.d
./gas/testsuite/gas/sparc/hpcvis3.d
./gas/testsuite/gas/sparc/pcrel64.d
./gas/testsuite/gas/sparc/rdhpr.d
./gas/testsuite/gas/sparc/v9branch1.d
./gas/testsuite/gas/sparc/asi.d
./gas/testsuite/gas/sparc/gotop32.d
./gas/testsuite/gas/sparc/window.d
./gas/testsuite/gas/sparc/vxworks-pic.d
./gas/testsuite/gas/sparc/mismatch.exp
./gas/testsuite/gas/sparc/splet-2.s
./gas/testsuite/gas/sparc/v8-movwr-imm.s
./gas/testsuite/gas/sparc/pc2210.s
./gas/testsuite/gas/sparc/unalign.d
./gas/testsuite/gas/sparc/sparc.exp
./gas/testsuite/gas/sparc/mism-1.s
./gas/testsuite/gas/sparc/gotop64.d
./gas/testsuite/gas/sparc/synth.d
./gas/testsuite/gas/sparc/prefetch.d
./gas/testsuite/gas/sparc/pcrel.d
./gas/testsuite/gas/cfi/cfi.exp
./gas/testsuite/gas/cfi/cfi-sparc64-1.d
./gas/testsuite/gas/cfi/cfi-sparc-1.d
./gas/testsuite/gas/sparc-solaris/gas.exp
./gas/testsuite/gas/sparc-solaris/addend.exp
./gas/testsuite/gas/sparc-solaris/sol-cc.s
./gas/testsuite/gas/sun4/addend.exp
./gas/testsuite/gas/all/gas.exp
./gas/ChangeLog-2010
./gas/doc/Makefile.am
./gas/doc/as.info
./gas/doc/asconfig.texi
./gas/doc/c-sparc.texi
./gas/doc/as.texinfo
./gas/doc/all.texi
./gas/doc/as.1
./gas/doc/Makefile.in
./gas/configure.tgt
./gas/ChangeLog-9697
./gas/Makefile.in
./gas/ChangeLog-0203
./gprof/Makefile.am
./gprof/gprof.texi
./gprof/ChangeLog-2004
./gprof/gprof.info
./gprof/ChangeLog-2009
./gprof/configure
./gprof/po/POTFILES.in
./gprof/sparc.c
./gprof/ChangeLog-9203
./gprof/ChangeLog-2007
./gprof/corefile.c
./gprof/Makefile.in
