./include/coff/internal.h
./include/coff/sparc.h
./include/mach-o/loader.h
./include/elf/common.h
./include/elf/sparc.h
./include/aout/sun4.h
./include/aout/aout64.h
./include/aout/reloc.h
./include/aout/adobe.h
./include/dis-asm.h
./include/opcode/cgen.h
./include/opcode/sparc.h
./include/bfdlink.h
./include/nlm/sparc32-ext.h
./configure.ac
./md5.sum
./elfcpp/sparc.h
./elfcpp/elfcpp.h
./configure.lineno
./ld/Makefile.am
./ld/emulparams/vxworks.sh
./ld/emulparams/sun4.sh
./ld/emulparams/elf64_sparc_sol2.sh
./ld/emulparams/elf32_sparc_vxworks.sh
./ld/emulparams/sparcaout.sh
./ld/emulparams/coff_sparc.sh
./ld/emulparams/elf32_sparc.sh
./ld/emulparams/elf64_sparc_fbsd.sh
./ld/emulparams/tic80coff.sh
./ld/emulparams/sparcnbsd.sh
./ld/emulparams/sparclinux.sh
./ld/emulparams/solaris2.sh
./ld/emulparams/elf32_sparc_sol2.sh
./ld/emulparams/elf64_sparc.sh
./ld/genscripts.sh
./ld/NEWS
./ld/ldint.texinfo
./ld/configure
./ld/scripttempl/sparccoff.sc
./ld/configure.host
./ld/configure.tgt
./ld/Makefile.in
./libtool.m4
./config/largefile.m4
./config/acinclude.m4
./config/intdiv0.m4
./config/tcl.m4
./intl/configure
./configure
./binutils/readelf.c
./binutils/configure.in
./binutils/objdump.c
./binutils/configure
./binutils/testsuite/binutils-all/objdump.exp
./binutils/testsuite/binutils-all/nm.exp
./binutils/testsuite/lib/binutils-common.exp
./binutils/nlmconv.c
./etc/configure.texi
./etc/configure.info
./bfd/coff-sparc.c
./bfd/Makefile.am
./bfd/lynx-core.c
./bfd/elf32-sparc.c
./bfd/elf-bfd.h
./bfd/aout-sparcle.c
./bfd/aoutf1.h
./bfd/sparclynx.c
./bfd/coffcode.h
./bfd/coff-tic4x.c
./bfd/configure.in
./bfd/elf32-cris.c
./bfd/elfxx-sparc.c
./bfd/netbsd-core.c
./bfd/bfd.m4
./bfd/elf32-m68hc1x.h
./bfd/mach-o.c
./bfd/nlm32-sparc.c
./bfd/coff-tic54x.c
./bfd/freebsd.h
./bfd/targets.c
./bfd/libaout.h
./bfd/cf-sparclynx.c
./bfd/elfcode.h
./bfd/elfxx-sparc.h
./bfd/libbfd.h
./bfd/sunos.c
./bfd/mipsbsd.c
./bfd/configure
./bfd/sparclinux.c
./bfd/pdp11.c
./bfd/config.bfd
./bfd/cpu-sparc.c
./bfd/elf64-sparc.c
./bfd/sparcnetbsd.c
./bfd/archures.c
./bfd/bfd-in.h
./bfd/reloc.c
./bfd/Makefile.in
./bfd/elf.c
./bfd/bfd-in2.h
./bfd/aoutx.h
./config.sub
./ajit-binutils.err
./opcodes/Makefile.am
./opcodes/fr30-desc.c
./opcodes/openrisc-desc.c
./opcodes/iq2000-desc.c
./opcodes/mt-desc.c
./opcodes/lm32-desc.c
./opcodes/configure.in
./opcodes/ip2k-desc.c
./opcodes/xstormy16-desc.c
./opcodes/sparc-opc.c
./opcodes/hppa-dis.c
./opcodes/configure
./opcodes/frv-desc.c
./opcodes/sparc-dis.c
./opcodes/mep-desc.c
./opcodes/m32r-desc.c
./opcodes/Makefile.in
./opcodes/disassemble.c
./opcodes/xc16x-desc.c
./opcodes/m32c-desc.c
./libiberty/simple-object-elf.c
./libiberty/configure
./libiberty/config.in
./libiberty/hashtab.c
./config.guess
./cpu/m32r.cpu
./gas/read.c
./gas/Makefile.am
./gas/configure.in
./gas/symbols.c
./gas/config/tc-sparc.c
./gas/config/te-sparcaout.h
./gas/config/te-solaris.h
./gas/config/tc-sparc.h
./gas/config/obj-coff.h
./gas/config/tc-or32.c
./gas/config/aout_gnu.h
./gas/config/obj-elf.c
./gas/configure
./gas/configure.com
./gas/config.in
./gas/configure.tgt
./gas/Makefile.in
