add
addcc
addd
adddcc
adddreduce16
adddreduce8
addx
addxcc
and
andcc
andd
anddcc
anddn
anddncc
anddreduce16
anddreduce8
andn
andncc
ba
bcc
bcs
be
bg
bge
bgu
bl
ble
bleu
bn
bne
bneg
bpos
bvc
bvs
call
cb0
cb01
cb012
cb013
cb02
cb023
cb03
cb1
cb12
cb123
cb13
cb2
cb23
cb3
cba
cbn
cswap
cswapa
fabss
faddd
faddq
faddreduce16
fadds
fba
fbe
fbg
fbge
fbl
fble
fblg
fbn
fbne
fbo
fbu
fbue
fbug
fbuge
fbul
fbule
fcmpd
fcmped
fcmpeq
fcmpes
fcmpq
fcmps
fdivd
fdivq
fdivs
fdmulq
fdtoi
fdtoq
fdtos
fhtos
fitod
fitoq
fitos
flush
fmovs
fmuld
fmulq
fmuls
fnegs
fqtod
fqtoi
fqtos
fsmuld
fsqrtd
fsqrtq
fsqrts
fstod
fstoh
fstoi
fstoq
fsubd
fsubq
fsubs
jmpl
ld
lda
ldc
ldcsr
ldd
ldda
lddc
lddf
ldf
ldfsr
ldsb
ldsba
ldsh
ldsha
ldstub
ldstuba
ldub
lduba
lduh
lduha
mulscc
nop
or
orcc
ord
ordcc
ordn
ordncc
ordreduce16
ordreduce8
orn
orncc
rdasr
rdpsr
rdtbr
rdwim
rdy
restore
rett
save
sdiv
sdivcc
sdivd
sdivdcc
sethi
sll
slld
smul
smulcc
smuld
smuldcc
sra
srad
srl
srld
st
sta
stb
stba
stbar
stc
stcsr
std
stda
stdc
stdcq
stdf
stdfq
stf
stfsr
sth
stha
sub
subcc
subd
subdcc
subx
subxcc
swap
swapa
ta
taddcc
taddcctv
tcc
tcs
te
tg
tge
tgu
tl
tle
tleu
tn
tne
tneg
tpos
tsubcc
tsubcctv
tvc
tvs
udiv
udivcc
udivd
udivdcc
umul
umulcc
umuld
umuldcc
unimp
vaddd16
vaddd32
vaddd8
vfadd16
vfadd32
vfhtoi16
vfi16toh
vfmul16
vfmul32
vfsub16
vfsub32
vsmuld16
vsmuld32
vsmuld8
vsubd16
vsubd32
vsubd8
vumuld16
vumuld32
vumuld8
wrasr
wrpsr
wrtbr
wrwim
wry
xnor
xnorcc
xnord
xnordcc
xor
xorcc
xord
xordcc
xordreduce16
xordreduce8
zbytedpos
